94.233.249.178 - - [30/Jun/2021:17:17:03 +0000] "GET /root/example/-/pipelines.json?scope=all&page=1 HTTP/1.1" 200 1363 "http://178.154.252.33/root/example/-/pipelines" "Mozilla/5.0 (Windows NT 10.0; Win64; x64) AppleWebKit/537.36 (KHTML, like Gecko) Chrome/91.0.4472.114 Safari/537.36" 5.55
172.17.0.1 - - [30/Jun/2021:17:17:05 +0000] "POST /api/v4/jobs/request HTTP/1.1" 204 0 "" "gitlab-runner 14.0.1 (refs/pipelines/326100216; go1.13.8; linux/amd64)" -
94.233.249.178 - - [30/Jun/2021:17:17:05 +0000] "GET /root/example/-/pipelines HTTP/1.1" 200 26488 "http://178.154.252.33/root/example/-/settings/ci_cd" "Mozilla/5.0 (Windows NT 10.0; Win64; x64) AppleWebKit/537.36 (KHTML, like Gecko) Chrome/91.0.4472.114 Safari/537.36" 4.52
94.233.249.178 - - [30/Jun/2021:17:17:06 +0000] "GET /root/example/-/pipelines.json HTTP/1.1" 200 1363 "http://178.154.252.33/root/example/-/pipelines" "Mozilla/5.0 (Windows NT 10.0; Win64; x64) AppleWebKit/537.36 (KHTML, like Gecko) Chrome/91.0.4472.114 Safari/537.36" 5.55
94.233.249.178 - - [30/Jun/2021:17:17:06 +0000] "GET /root/example/-/pipelines.json?scope=all&page=1 HTTP/1.1" 304 0 "http://178.154.252.33/root/example/-/pipelines" "Mozilla/5.0 (Windows NT 10.0; Win64; x64) AppleWebKit/537.36 (KHTML, like Gecko) Chrome/91.0.4472.114 Safari/537.36" -
94.233.249.178 - - [30/Jun/2021:17:17:06 +0000] "GET /assets/favicon-7901bd695fb93edb07975966062049829afb56cf11511236e61bcf425070e36e.png HTTP/1.1" 200 1611 "http://178.154.252.33/root/example/-/pipelines" "Mozilla/5.0 (Windows NT 10.0; Win64; x64) AppleWebKit/537.36 (KHTML, like Gecko) Chrome/91.0.4472.114 Safari/537.36" -
172.17.0.1 - - [30/Jun/2021:17:17:08 +0000] "POST /api/v4/jobs/request HTTP/1.1" 204 0 "" "gitlab-runner 14.0.1 (refs/pipelines/326100216; go1.13.8; linux/amd64)" -
94.233.249.178 - - [30/Jun/2021:17:17:09 +0000] "GET /root/example/-/pipelines.json?scope=all&page=1 HTTP/1.1" 304 0 "http://178.154.252.33/root/example/-/pipelines" "Mozilla/5.0 (Windows NT 10.0; Win64; x64) AppleWebKit/537.36 (KHTML, like Gecko) Chrome/91.0.4472.114 Safari/537.36" -
94.233.249.178 - - [30/Jun/2021:17:17:10 +0000] "GET /root/example/-/pipelines/2 HTTP/1.1" 200 27725 "http://178.154.252.33/root/example/-/pipelines" "Mozilla/5.0 (Windows NT 10.0; Win64; x64) AppleWebKit/537.36 (KHTML, like Gecko) Chrome/91.0.4472.114 Safari/537.36" 5.08
94.233.249.178 - - [30/Jun/2021:17:17:10 +0000] "POST /api/graphql HTTP/1.1" 200 544 "http://178.154.252.33/root/example/-/pipelines/2" "Mozilla/5.0 (Windows NT 10.0; Win64; x64) AppleWebKit/537.36 (KHTML, like Gecko) Chrome/91.0.4472.114 Safari/537.36" 6.12
94.233.249.178 - - [30/Jun/2021:17:17:10 +0000] "POST /api/graphql HTTP/1.1" 200 211 "http://178.154.252.33/root/example/-/pipelines/2" "Mozilla/5.0 (Windows NT 10.0; Win64; x64) AppleWebKit/537.36 (KHTML, like Gecko) Chrome/91.0.4472.114 Safari/537.36" -
94.233.249.178 - - [30/Jun/2021:17:17:10 +0000] "GET /api/graphql?query=query%20getPipelineHeaderData(%24fullPath%3A%20ID!%2C%20%24iid%3A%20ID!)%20%7B%0A%20%20project(fullPath%3A%20%24fullPath)%20%7B%0A%20%20%20%20pipeline(iid%3A%20%24iid)%20%7B%0A%20%20%20%20%20%20id%0A%20%20%20%20%20%20iid%0A%20%20%20%20%20%20status%0A%20%20%20%20%20%20retryable%0A%20%20%20%20%20%20cancelable%0A%20%20%20%20%20%20userPermissions%20%7B%0A%20%20%20%20%20%20%20%20destroyPipeline%0A%20%20%20%20%20%20%20%20updatePipeline%0A%20%20%20%20%20%20%20%20__typename%0A%20%20%20%20%20%20%7D%0A%20%20%20%20%20%20detailedStatus%20%7B%0A%20%20%20%20%20%20%20%20detailsPath%0A%20%20%20%20%20%20%20%20icon%0A%20%20%20%20%20%20%20%20group%0A%20%20%20%20%20%20%20%20text%0A%20%20%20%20%20%20%20%20__typename%0A%20%20%20%20%20%20%7D%0A%20%20%20%20%20%20createdAt%0A%20%20%20%20%20%20user%20%7B%0A%20%20%20%20%20%20%20%20name%0A%20%20%20%20%20%20%20%20webPath%0A%20%20%20%20%20%20%20%20email%0A%20%20%20%20%20%20%20%20avatarUrl%0A%20%20%20%20%20%20%20%20status%20%7B%0A%20%20%20%20%20%20%20%20%20%20message%0A%20%20%20%20%20%20%20%20%20%20emoji%0A%20%20%20%20%20%20%20%20%20%20__typename%0A%20%20%20%20%20%20%20%20%7D%0A%20%20%20%20%20%20%20%20__typename%0A%20%20%20%20%20%20%7D%0A%20%20%20%20%20%20__typename%0A%20%20%20%20%7D%0A%20%20%20%20__typename%0A%20%20%7D%0A%7D%0A&operationName=getPipelineHeaderData&variables=%7B%22fullPath%22%3A%22root%2Fexample%22%2C%22iid%22%3A%222%22%7D HTTP/1.1" 200 402 "http://178.154.252.33/root/example/-/pipelines/2" "Mozilla/5.0 (Windows NT 10.0; Win64; x64) AppleWebKit/537.36 (KHTML, like Gecko) Chrome/91.0.4472.114 Safari/537.36" 1.72
94.233.249.178 - - [30/Jun/2021:17:17:11 +0000] "POST /api/graphql HTTP/1.1" 200 277 "http://178.154.252.33/root/example/-/pipelines/2" "Mozilla/5.0 (Windows NT 10.0; Win64; x64) AppleWebKit/537.36 (KHTML, like Gecko) Chrome/91.0.4472.114 Safari/537.36" 4.89
94.233.249.178 - - [30/Jun/2021:17:17:11 +0000] "GET /root/example/-/pipelines/2/tests/summary.json HTTP/1.1" 304 0 "http://178.154.252.33/root/example/-/pipelines/2" "Mozilla/5.0 (Windows NT 10.0; Win64; x64) AppleWebKit/537.36 (KHTML, like Gecko) Chrome/91.0.4472.114 Safari/537.36" -
172.17.0.1 - - [30/Jun/2021:17:17:11 +0000] "POST /api/v4/jobs/request HTTP/1.1" 204 0 "" "gitlab-runner 14.0.1 (refs/pipelines/326100216; go1.13.8; linux/amd64)" -
94.233.249.178 - - [30/Jun/2021:17:17:11 +0000] "GET /api/graphql?query=fragment%20LinkedPipelineData%20on%20Pipeline%20%7B%0A%20%20__typename%0A%20%20id%0A%20%20iid%0A%20%20path%0A%20%20status%3A%20detailedStatus%20%7B%0A%20%20%20%20__typename%0A%20%20%20%20group%0A%20%20%20%20label%0A%20%20%20%20icon%0A%20%20%7D%0A%20%20sourceJob%20%7B%0A%20%20%20%20__typename%0A%20%20%20%20name%0A%20%20%7D%0A%20%20project%20%7B%0A%20%20%20%20__typename%0A%20%20%20%20name%0A%20%20%20%20fullPath%0A%20%20%7D%0A%7D%0A%0Aquery%20getPipelineDetails(%24projectPath%3A%20ID!%2C%20%24iid%3A%20ID!)%20%7B%0A%20%20project(fullPath%3A%20%24projectPath)%20%7B%0A%20%20%20%20__typename%0A%20%20%20%20pipeline(iid%3A%20%24iid)%20%7B%0A%20%20%20%20%20%20__typename%0A%20%20%20%20%20%20id%0A%20%20%20%20%20%20iid%0A%20%20%20%20%20%20complete%0A%20%20%20%20%20%20usesNeeds%0A%20%20%20%20%20%20downstream%20%7B%0A%20%20%20%20%20%20%20%20__typename%0A%20%20%20%20%20%20%20%20nodes%20%7B%0A%20%20%20%20%20%20%20%20%20%20...LinkedPipelineData%0A%20%20%20%20%20%20%20%20%20%20__typename%0A%20%20%20%20%20%20%20%20%7D%0A%20%20%20%20%20%20%7D%0A%20%20%20%20%20%20upstream%20%7B%0A%20%20%20%20%20%20%20%20...LinkedPipelineData%0A%20%20%20%20%20%20%20%20__typename%0A%20%20%20%20%20%20%7D%0A%20%20%20%20%20%20stages%20%7B%0A%20%20%20%20%20%20%20%20__typename%0A%20%20%20%20%20%20%20%20nodes%20%7B%0A%20%20%20%20%20%20%20%20%20%20__typename%0A%20%20%20%20%20%20%20%20%20%20name%0A%20%20%20%20%20%20%20%20%20%20status%3A%20detailedStatus%20%7B%0A%20%20%20%20%20%20%20%20%20%20%20%20__typename%0A%20%20%20%20%20%20%20%20%20%20%20%20action%20%7B%0A%20%20%20%20%20%20%20%20%20%20%20%20%20%20__typename%0A%20%20%20%20%20%20%20%20%20%20%20%20%20%20icon%0A%20%20%20%20%20%20%20%20%20%20%20%20%20%20path%0A%20%20%20%20%20%20%20%20%20%20%20%20%20%20title%0A%20%20%20%20%20%20%20%20%20%20%20%20%7D%0A%20%20%20%20%20%20%20%20%20%20%7D%0A%20%20%20%20%20%20%20%20%20%20groups%20%7B%0A%20%20%20%20%20%20%20%20%20%20%20%20__typename%0A%20%20%20%20%20%20%20%20%20%20%20%20nodes%20%7B%0A%20%20%20%20%20%20%20%20%20%20%20%20%20%20__typename%0A%20%20%20%20%20%20%20%20%20%20%20%20%20%20status%3A%20detailedStatus%20%7B%0A%20%20%20%20%20%20%20%20%20%20%20%20%20%20%20%20__typename%0A%20%20%20%20%20%20%20%20%20%20%20%20%20%20%20%20label%0A%20%20%20%20%20%20%20%20%20%20%20%20%20%20%20%20group%0A%20%20%20%20%20%20%20%20%20%20%20%20%20%20%20%20icon%0A%20%20%20%20%20%20%20%20%20%20%20%20%20%20%7D%0A%20%20%20%20%20%20%20%20%20%20%20%20%20%20name%0A%20%20%20%20%20%20%20%20%20%20%20%20%20%20size%0A%20%20%20%20%20%20%20%20%20%20%20%20%20%20jobs%20%7B%0A%20%20%20%20%20%20%20%20%20%20%20%20%20%20%20%20__typename%0A%20%20%20%20%20%20%20%20%20%20%20%20%20%20%20%20nodes%20%7B%0A%20%20%20%20%20%20%20%20%20%20%20%20%20%20%20%20%20%20__typename%0A%20%20%20%20%20%20%20%20%20%20%20%20%20%20%20%20%20%20name%0A%20%20%20%20%20%20%20%20%20%20%20%20%20%20%20%20%20%20scheduledAt%0A%20%20%20%20%20%20%20%20%20%20%20%20%20%20%20%20%20%20needs%20%7B%0A%20%20%20%20%20%20%20%20%20%20%20%20%20%20%20%20%20%20%20%20__typename%0A%20%20%20%20%20%20%20%20%20%20%20%20%20%20%20%20%20%20%20%20nodes%20%7B%0A%20%20%20%20%20%20%20%20%20%20%20%20%20%20%20%20%20%20%20%20%20%20__typename%0A%20%20%20%20%20%20%20%20%20%20%20%20%20%20%20%20%20%20%20%20%20%20name%0A%20%20%20%20%20%20%20%20%20%20%20%20%20%20%20%20%20%20%20%20%7D%0A%20%20%20%20%20%20%20%20%20%20%20%20%20%20%20%20%20%20%7D%0A%20%20%20%20%20%20%20%20%20%20%20%20%20%20%20%20%20%20status%3A%20detailedStatus%20%7B%0A%20%20%20%20%20%20%20%20%20%20%20%20%20%20%20%20%20%20%20%20__typename%0A%20%20%20%20%20%20%20%20%20%20%20%20%20%20%20%20%20%20%20%20icon%0A%20%20%20%20%20%20%20%20%20%20%20%20%20%20%20%20%20%20%20%20tooltip%0A%20%20%20%20%20%20%20%20%20%20%20%20%20%20%20%20%20%20%20%20hasDetails%0A%20%20%20%20%20%20%20%20%20%20%20%20%20%20%20%20%20%20%20%20detailsPath%0A%20%20%20%20%20%20%20%20%20%20%20%20%20%20%20%20%20%20%20%20group%0A%20%20%20%20%20%20%20%20%20%20%20%20%20%20%20%20%20%20%20%20action%20%7B%0A%20%20%20%20%20%20%20%20%20%20%20%20%20%20%20%20%20%20%20%20%20%20__typename%0A%20%20%20%20%20%20%20%20%20%20%20%20%20%20%20%20%20%20%20%20%20%20buttonTitle%0A%20%20%20%20%20%20%20%20%20%20%20%20%20%20%20%20%20%20%20%20%20%20icon%0A%20%20%20%20%20%20%20%20%20%20%20%20%20%20%20%20%20%20%20%20%20%20path%0A%20%20%20%20%20%20%20%20%20%20%20%20%20%20%20%20%20%20%20%20%20%20title%0A%20%20%20%20%20%20%20%20%20%20%20%20%20%20%20%20%20%20%20%20%7D%0A%20%20%20%20%20%20%20%20%20%20%20%20%20%20%20%20%20%20%7D%0A%20%20%20%20%20%20%20%20%20%20%20%20%20%20%20%20%7D%0A%20%20%20%20%20%20%20%20%20%20%20%20%20%20%7D%0A%20%20%20%20%20%20%20%20%20%20%20%20%7D%0A%20%20%20%20%20%20%20%20%20%20%7D%0A%20%20%20%20%20%20%20%20%7D%0A%20%20%20%20%20%20%7D%0A%20%20%20%20%7D%0A%20%20%7D%0A%7D%0A&operationName=getPipelineDetails&variables=%7B%22projectPath%22%3A%22root%2Fexample%22%2C%22iid%22%3A%222%22%7D HTTP/1.1" 200 544 "http://178.154.252.33/root/example/-/pipelines/2" "Mozilla/5.0 (Windows NT 10.0; Win64; x64) AppleWebKit/537.36 (KHTML, like Gecko) Chrome/91.0.4472.114 Safari/537.36" 6.12
94.233.249.178 - - [30/Jun/2021:17:17:11 +0000] "GET /root/example/-/pipelines/2/status.json HTTP/1.1" 200 224 "http://178.154.252.33/root/example/-/pipelines/2" "Mozilla/5.0 (Windows NT 10.0; Win64; x64) AppleWebKit/537.36 (KHTML, like Gecko) Chrome/91.0.4472.114 Safari/537.36" 1.42
94.233.249.178 - - [30/Jun/2021:17:17:11 +0000] "GET /assets/ci_favicons/favicon_status_success-8451333011eee8ce9f2ab25dc487fe24a8758c694827a582f17f42b0a90446a2.png HTTP/1.1" 200 1044 "http://178.154.252.33/root/example/-/pipelines/2" "Mozilla/5.0 (Windows NT 10.0; Win64; x64) AppleWebKit/537.36 (KHTML, like Gecko) Chrome/91.0.4472.114 Safari/537.36" -
94.233.249.178 - - [30/Jun/2021:17:17:11 +0000] "POST /root/example/-/ci/prometheus_metrics/histograms.json HTTP/1.1" 201 2 "http://178.154.252.33/root/example/-/pipelines/2" "Mozilla/5.0 (Windows NT 10.0; Win64; x64) AppleWebKit/537.36 (KHTML, like Gecko) Chrome/91.0.4472.114 Safari/537.36" -
172.17.0.1 - - [30/Jun/2021:17:17:14 +0000] "POST /api/v4/jobs/request HTTP/1.1" 204 0 "" "gitlab-runner 14.0.1 (refs/pipelines/326100216; go1.13.8; linux/amd64)" -
127.0.0.1 - - [30/Jun/2021:17:17:16 +0000] "GET /help HTTP/1.1" 200 83235 "" "curl/7.74.0-DEV" -
172.17.0.1 - - [30/Jun/2021:17:17:17 +0000] "POST /api/v4/jobs/request HTTP/1.1" 204 0 "" "gitlab-runner 14.0.1 (refs/pipelines/326100216; go1.13.8; linux/amd64)" -
172.17.0.1 - - [30/Jun/2021:17:17:20 +0000] "POST /api/v4/jobs/request HTTP/1.1" 204 0 "" "gitlab-runner 14.0.1 (refs/pipelines/326100216; go1.13.8; linux/amd64)" -
172.17.0.1 - - [30/Jun/2021:17:17:23 +0000] "POST /api/v4/jobs/request HTTP/1.1" 204 0 "" "gitlab-runner 14.0.1 (refs/pipelines/326100216; go1.13.8; linux/amd64)" -
172.17.0.1 - - [30/Jun/2021:17:17:26 +0000] "POST /api/v4/jobs/request HTTP/1.1" 204 0 "" "gitlab-runner 14.0.1 (refs/pipelines/326100216; go1.13.8; linux/amd64)" -
172.17.0.1 - - [30/Jun/2021:17:17:29 +0000] "POST /api/v4/jobs/request HTTP/1.1" 204 0 "" "gitlab-runner 14.0.1 (refs/pipelines/326100216; go1.13.8; linux/amd64)" -
172.17.0.1 - - [30/Jun/2021:17:17:32 +0000] "POST /api/v4/jobs/request HTTP/1.1" 204 0 "" "gitlab-runner 14.0.1 (refs/pipelines/326100216; go1.13.8; linux/amd64)" -
172.17.0.1 - - [30/Jun/2021:17:17:35 +0000] "POST /api/v4/jobs/request HTTP/1.1" 204 0 "" "gitlab-runner 14.0.1 (refs/pipelines/326100216; go1.13.8; linux/amd64)" -
172.17.0.1 - - [30/Jun/2021:17:17:38 +0000] "POST /api/v4/jobs/request HTTP/1.1" 204 0 "" "gitlab-runner 14.0.1 (refs/pipelines/326100216; go1.13.8; linux/amd64)" -
172.17.0.1 - - [30/Jun/2021:17:17:41 +0000] "POST /api/v4/jobs/request HTTP/1.1" 204 0 "" "gitlab-runner 14.0.1 (refs/pipelines/326100216; go1.13.8; linux/amd64)" -
172.17.0.1 - - [30/Jun/2021:17:17:44 +0000] "POST /api/v4/jobs/request HTTP/1.1" 204 0 "" "gitlab-runner 14.0.1 (refs/pipelines/326100216; go1.13.8; linux/amd64)" -
172.17.0.1 - - [30/Jun/2021:17:17:47 +0000] "POST /api/v4/jobs/request HTTP/1.1" 204 0 "" "gitlab-runner 14.0.1 (refs/pipelines/326100216; go1.13.8; linux/amd64)" -
172.17.0.1 - - [30/Jun/2021:17:17:50 +0000] "POST /api/v4/jobs/request HTTP/1.1" 204 0 "" "gitlab-runner 14.0.1 (refs/pipelines/326100216; go1.13.8; linux/amd64)" -
172.17.0.1 - - [30/Jun/2021:17:17:53 +0000] "POST /api/v4/jobs/request HTTP/1.1" 204 0 "" "gitlab-runner 14.0.1 (refs/pipelines/326100216; go1.13.8; linux/amd64)" -
172.17.0.1 - - [30/Jun/2021:17:17:56 +0000] "POST /api/v4/jobs/request HTTP/1.1" 204 0 "" "gitlab-runner 14.0.1 (refs/pipelines/326100216; go1.13.8; linux/amd64)" -
172.17.0.1 - - [30/Jun/2021:17:17:59 +0000] "POST /api/v4/jobs/request HTTP/1.1" 204 0 "" "gitlab-runner 14.0.1 (refs/pipelines/326100216; go1.13.8; linux/amd64)" -
172.17.0.1 - - [30/Jun/2021:17:18:02 +0000] "POST /api/v4/jobs/request HTTP/1.1" 204 0 "" "gitlab-runner 14.0.1 (refs/pipelines/326100216; go1.13.8; linux/amd64)" -
172.17.0.1 - - [30/Jun/2021:17:18:05 +0000] "POST /api/v4/jobs/request HTTP/1.1" 204 0 "" "gitlab-runner 14.0.1 (refs/pipelines/326100216; go1.13.8; linux/amd64)" -
172.17.0.1 - - [30/Jun/2021:17:18:08 +0000] "POST /api/v4/jobs/request HTTP/1.1" 204 0 "" "gitlab-runner 14.0.1 (refs/pipelines/326100216; go1.13.8; linux/amd64)" -
172.17.0.1 - - [30/Jun/2021:17:18:11 +0000] "POST /api/v4/jobs/request HTTP/1.1" 204 0 "" "gitlab-runner 14.0.1 (refs/pipelines/326100216; go1.13.8; linux/amd64)" -
172.17.0.1 - - [30/Jun/2021:17:18:14 +0000] "POST /api/v4/jobs/request HTTP/1.1" 204 0 "" "gitlab-runner 14.0.1 (refs/pipelines/326100216; go1.13.8; linux/amd64)" -
127.0.0.1 - - [30/Jun/2021:17:18:16 +0000] "GET /help HTTP/1.1" 200 83235 "" "curl/7.74.0-DEV" -
172.17.0.1 - - [30/Jun/2021:17:18:17 +0000] "POST /api/v4/jobs/request HTTP/1.1" 204 0 "" "gitlab-runner 14.0.1 (refs/pipelines/326100216; go1.13.8; linux/amd64)" -
172.17.0.1 - - [30/Jun/2021:17:18:20 +0000] "POST /api/v4/jobs/request HTTP/1.1" 204 0 "" "gitlab-runner 14.0.1 (refs/pipelines/326100216; go1.13.8; linux/amd64)" -
172.17.0.1 - - [30/Jun/2021:17:18:23 +0000] "POST /api/v4/jobs/request HTTP/1.1" 204 0 "" "gitlab-runner 14.0.1 (refs/pipelines/326100216; go1.13.8; linux/amd64)" -
172.17.0.1 - - [30/Jun/2021:17:18:26 +0000] "POST /api/v4/jobs/request HTTP/1.1" 204 0 "" "gitlab-runner 14.0.1 (refs/pipelines/326100216; go1.13.8; linux/amd64)" -
172.17.0.1 - - [30/Jun/2021:17:18:29 +0000] "POST /api/v4/jobs/request HTTP/1.1" 204 0 "" "gitlab-runner 14.0.1 (refs/pipelines/326100216; go1.13.8; linux/amd64)" -
172.17.0.1 - - [30/Jun/2021:17:18:32 +0000] "POST /api/v4/jobs/request HTTP/1.1" 204 0 "" "gitlab-runner 14.0.1 (refs/pipelines/326100216; go1.13.8; linux/amd64)" -
172.17.0.1 - - [30/Jun/2021:17:18:35 +0000] "POST /api/v4/jobs/request HTTP/1.1" 204 0 "" "gitlab-runner 14.0.1 (refs/pipelines/326100216; go1.13.8; linux/amd64)" -
172.17.0.1 - - [30/Jun/2021:17:18:38 +0000] "POST /api/v4/jobs/request HTTP/1.1" 204 0 "" "gitlab-runner 14.0.1 (refs/pipelines/326100216; go1.13.8; linux/amd64)" -
172.17.0.1 - - [30/Jun/2021:17:18:41 +0000] "POST /api/v4/jobs/request HTTP/1.1" 204 0 "" "gitlab-runner 14.0.1 (refs/pipelines/326100216; go1.13.8; linux/amd64)" -
172.17.0.1 - - [30/Jun/2021:17:18:44 +0000] "POST /api/v4/jobs/request HTTP/1.1" 204 0 "" "gitlab-runner 14.0.1 (refs/pipelines/326100216; go1.13.8; linux/amd64)" -
172.17.0.1 - - [30/Jun/2021:17:18:47 +0000] "POST /api/v4/jobs/request HTTP/1.1" 204 0 "" "gitlab-runner 14.0.1 (refs/pipelines/326100216; go1.13.8; linux/amd64)" -
172.17.0.1 - - [30/Jun/2021:17:18:50 +0000] "POST /api/v4/jobs/request HTTP/1.1" 204 0 "" "gitlab-runner 14.0.1 (refs/pipelines/326100216; go1.13.8; linux/amd64)" -
94.233.249.178 - - [30/Jun/2021:17:18:51 +0000] "GET /root/example/-/pipelines HTTP/1.1" 200 26492 "http://178.154.252.33/root/example/-/pipelines/2" "Mozilla/5.0 (Windows NT 10.0; Win64; x64) AppleWebKit/537.36 (KHTML, like Gecko) Chrome/91.0.4472.114 Safari/537.36" 4.52
94.233.249.178 - - [30/Jun/2021:17:18:51 +0000] "GET /root/example/-/pipelines.json HTTP/1.1" 200 1363 "http://178.154.252.33/root/example/-/pipelines" "Mozilla/5.0 (Windows NT 10.0; Win64; x64) AppleWebKit/537.36 (KHTML, like Gecko) Chrome/91.0.4472.114 Safari/537.36" 5.55
94.233.249.178 - - [30/Jun/2021:17:18:51 +0000] "GET /root/example/-/pipelines.json?scope=all&page=1 HTTP/1.1" 304 0 "http://178.154.252.33/root/example/-/pipelines" "Mozilla/5.0 (Windows NT 10.0; Win64; x64) AppleWebKit/537.36 (KHTML, like Gecko) Chrome/91.0.4472.114 Safari/537.36" -
172.17.0.1 - - [30/Jun/2021:17:18:53 +0000] "POST /api/v4/jobs/request HTTP/1.1" 204 0 "" "gitlab-runner 14.0.1 (refs/pipelines/326100216; go1.13.8; linux/amd64)" -
172.17.0.1 - - [30/Jun/2021:17:18:56 +0000] "POST /api/v4/jobs/request HTTP/1.1" 204 0 "" "gitlab-runner 14.0.1 (refs/pipelines/326100216; go1.13.8; linux/amd64)" -
172.17.0.1 - - [30/Jun/2021:17:18:59 +0000] "POST /api/v4/jobs/request HTTP/1.1" 204 0 "" "gitlab-runner 14.0.1 (refs/pipelines/326100216; go1.13.8; linux/amd64)" -
178.154.252.33 - - [30/Jun/2021:17:19:01 +0000] "GET /root/example.git/info/refs?service=git-receive-pack HTTP/1.1" 401 26 "" "git/2.25.1" -
172.17.0.1 - - [30/Jun/2021:17:19:02 +0000] "POST /api/v4/jobs/request HTTP/1.1" 204 0 "" "gitlab-runner 14.0.1 (refs/pipelines/326100216; go1.13.8; linux/amd64)" -
172.17.0.1 - - [30/Jun/2021:17:19:05 +0000] "POST /api/v4/jobs/request HTTP/1.1" 204 0 "" "gitlab-runner 14.0.1 (refs/pipelines/326100216; go1.13.8; linux/amd64)" -
172.17.0.1 - - [30/Jun/2021:17:19:08 +0000] "POST /api/v4/jobs/request HTTP/1.1" 204 0 "" "gitlab-runner 14.0.1 (refs/pipelines/326100216; go1.13.8; linux/amd64)" -
172.17.0.1 - - [30/Jun/2021:17:19:11 +0000] "POST /api/v4/jobs/request HTTP/1.1" 204 0 "" "gitlab-runner 14.0.1 (refs/pipelines/326100216; go1.13.8; linux/amd64)" -
172.17.0.1 - - [30/Jun/2021:17:19:14 +0000] "POST /api/v4/jobs/request HTTP/1.1" 204 0 "" "gitlab-runner 14.0.1 (refs/pipelines/326100216; go1.13.8; linux/amd64)" -
127.0.0.1 - - [30/Jun/2021:17:19:16 +0000] "GET /help HTTP/1.1" 200 83236 "" "curl/7.74.0-DEV" -
172.17.0.1 - - [30/Jun/2021:17:19:17 +0000] "POST /api/v4/jobs/request HTTP/1.1" 204 0 "" "gitlab-runner 14.0.1 (refs/pipelines/326100216; go1.13.8; linux/amd64)" -
172.17.0.1 - - [30/Jun/2021:17:19:20 +0000] "POST /api/v4/jobs/request HTTP/1.1" 204 0 "" "gitlab-runner 14.0.1 (refs/pipelines/326100216; go1.13.8; linux/amd64)" -
172.17.0.1 - - [30/Jun/2021:17:19:23 +0000] "POST /api/v4/jobs/request HTTP/1.1" 204 0 "" "gitlab-runner 14.0.1 (refs/pipelines/326100216; go1.13.8; linux/amd64)" -
172.17.0.1 - - [30/Jun/2021:17:19:26 +0000] "POST /api/v4/jobs/request HTTP/1.1" 204 0 "" "gitlab-runner 14.0.1 (refs/pipelines/326100216; go1.13.8; linux/amd64)" -
172.17.0.1 - - [30/Jun/2021:17:19:29 +0000] "POST /api/v4/jobs/request HTTP/1.1" 204 0 "" "gitlab-runner 14.0.1 (refs/pipelines/326100216; go1.13.8; linux/amd64)" -
172.17.0.1 - - [30/Jun/2021:17:19:32 +0000] "POST /api/v4/jobs/request HTTP/1.1" 204 0 "" "gitlab-runner 14.0.1 (refs/pipelines/326100216; go1.13.8; linux/amd64)" -
172.17.0.1 - - [30/Jun/2021:17:19:35 +0000] "POST /api/v4/jobs/request HTTP/1.1" 204 0 "" "gitlab-runner 14.0.1 (refs/pipelines/326100216; go1.13.8; linux/amd64)" -
178.154.252.33 - root [30/Jun/2021:17:19:37 +0000] "GET /root/example.git/info/refs?service=git-receive-pack HTTP/1.1" 200 198 "" "git/2.25.1" -
172.17.0.1 - - [30/Jun/2021:17:19:38 +0000] "POST /api/v4/jobs/request HTTP/1.1" 204 0 "" "gitlab-runner 14.0.1 (refs/pipelines/326100216; go1.13.8; linux/amd64)" -
178.154.252.33 - root [30/Jun/2021:17:19:39 +0000] "POST /root/example.git/git-receive-pack HTTP/1.1" 200 0 "" "git/2.25.1" -
172.17.0.1 - - [30/Jun/2021:17:19:41 +0000] "POST /api/v4/jobs/request HTTP/1.1" 204 0 "" "gitlab-runner 14.0.1 (refs/pipelines/326100216; go1.13.8; linux/amd64)" -
178.154.252.33 - root [30/Jun/2021:17:19:43 +0000] "POST /root/example.git/git-receive-pack HTTP/1.1" 200 3943 "" "git/2.25.1" -
172.17.0.1 - - [30/Jun/2021:17:19:44 +0000] "POST /api/v4/jobs/request HTTP/1.1" 204 0 "" "gitlab-runner 14.0.1 (refs/pipelines/326100216; go1.13.8; linux/amd64)" -
178.154.252.33 - - [30/Jun/2021:17:19:47 +0000] "GET /root/example.git/info/refs?service=git-receive-pack HTTP/1.1" 401 26 "" "git/2.25.1" -
172.17.0.1 - - [30/Jun/2021:17:19:47 +0000] "POST /api/v4/jobs/request HTTP/1.1" 201 8831 "" "gitlab-runner 14.0.1 (refs/pipelines/326100216; go1.13.8; linux/amd64)" -
178.154.252.33 - root [30/Jun/2021:17:19:50 +0000] "GET /root/example.git/info/refs?service=git-receive-pack HTTP/1.1" 200 199 "" "git/2.25.1" -
172.17.0.1 - - [30/Jun/2021:17:19:50 +0000] "PATCH /api/v4/jobs/23/trace HTTP/1.1" 202 2 "" "gitlab-runner 14.0.1 (refs/pipelines/326100216; go1.13.8; linux/amd64)" -
94.233.249.178 - - [30/Jun/2021:17:19:54 +0000] "GET /root/example/-/pipelines.json?scope=all&page=1 HTTP/1.1" 200 1758 "http://178.154.252.33/root/example/-/pipelines" "Mozilla/5.0 (Windows NT 10.0; Win64; x64) AppleWebKit/537.36 (KHTML, like Gecko) Chrome/91.0.4472.114 Safari/537.36" 6.58
94.233.249.178 - - [30/Jun/2021:17:19:54 +0000] "GET /root/example/-/pipelines HTTP/1.1" 200 26487 "http://178.154.252.33/root/example/-/pipelines/2" "Mozilla/5.0 (Windows NT 10.0; Win64; x64) AppleWebKit/537.36 (KHTML, like Gecko) Chrome/91.0.4472.114 Safari/537.36" 4.52
94.233.249.178 - - [30/Jun/2021:17:19:54 +0000] "GET /root/example/-/pipelines.json HTTP/1.1" 200 1758 "http://178.154.252.33/root/example/-/pipelines" "Mozilla/5.0 (Windows NT 10.0; Win64; x64) AppleWebKit/537.36 (KHTML, like Gecko) Chrome/91.0.4472.114 Safari/537.36" 6.58
94.233.249.178 - - [30/Jun/2021:17:19:55 +0000] "GET /root/example/-/pipelines.json?scope=all&page=1 HTTP/1.1" 304 0 "http://178.154.252.33/root/example/-/pipelines" "Mozilla/5.0 (Windows NT 10.0; Win64; x64) AppleWebKit/537.36 (KHTML, like Gecko) Chrome/91.0.4472.114 Safari/537.36" -
94.233.249.178 - - [30/Jun/2021:17:19:55 +0000] "GET /assets/favicon-7901bd695fb93edb07975966062049829afb56cf11511236e61bcf425070e36e.png HTTP/1.1" 200 1611 "http://178.154.252.33/root/example/-/pipelines" "Mozilla/5.0 (Windows NT 10.0; Win64; x64) AppleWebKit/537.36 (KHTML, like Gecko) Chrome/91.0.4472.114 Safari/537.36" -
178.154.252.33 - - [30/Jun/2021:17:19:59 +0000] "GET /root/example.git/info/refs?service=git-upload-pack HTTP/1.1" 200 160 "" "gitlab-runner 14.0.1 linux/amd64" -
178.154.252.33 - - [30/Jun/2021:17:19:59 +0000] "POST /root/example.git/git-upload-pack HTTP/1.1" 200 72 "" "gitlab-runner 14.0.1 linux/amd64" -
94.233.249.178 - - [30/Jun/2021:17:20:01 +0000] "GET /root/example/-/commit/07261b85495440a9877d884ba38080087d43b2fa HTTP/1.1" 499 0 "http://178.154.252.33/root/example/-/pipelines" "Mozilla/5.0 (Windows NT 10.0; Win64; x64) AppleWebKit/537.36 (KHTML, like Gecko) Chrome/91.0.4472.114 Safari/537.36" -
94.233.249.178 - - [30/Jun/2021:17:20:01 +0000] "GET /root/example/-/pipelines.json?scope=all&page=1 HTTP/1.1" 304 0 "http://178.154.252.33/root/example/-/pipelines" "Mozilla/5.0 (Windows NT 10.0; Win64; x64) AppleWebKit/537.36 (KHTML, like Gecko) Chrome/91.0.4472.114 Safari/537.36" -
178.154.252.33 - - [30/Jun/2021:17:20:02 +0000] "POST /root/example.git/git-upload-pack HTTP/1.1" 200 21918104 "" "gitlab-runner 14.0.1 linux/amd64" -
94.233.249.178 - - [30/Jun/2021:17:20:11 +0000] "GET /dashboard/projects HTTP/1.1" 200 21303 "http://178.154.252.33/root/example/-/pipelines" "Mozilla/5.0 (Windows NT 10.0; Win64; x64) AppleWebKit/537.36 (KHTML, like Gecko) Chrome/91.0.4472.114 Safari/537.36" 4.72
172.17.0.1 - - [30/Jun/2021:17:20:12 +0000] "PATCH /api/v4/jobs/23/trace HTTP/1.1" 202 2 "" "gitlab-runner 14.0.1 (refs/pipelines/326100216; go1.13.8; linux/amd64)" -
172.17.0.1 - - [30/Jun/2021:17:20:12 +0000] "PUT /api/v4/jobs/23 HTTP/1.1" 200 3 "" "gitlab-runner 14.0.1 (refs/pipelines/326100216; go1.13.8; linux/amd64)" -
172.17.0.1 - - [30/Jun/2021:17:20:12 +0000] "POST /api/v4/jobs/request HTTP/1.1" 204 0 "" "gitlab-runner 14.0.1 (refs/pipelines/326100216; go1.13.8; linux/amd64)" -
94.233.249.178 - - [30/Jun/2021:17:20:13 +0000] "GET /example1/asd HTTP/1.1" 200 25671 "http://178.154.252.33/dashboard/projects" "Mozilla/5.0 (Windows NT 10.0; Win64; x64) AppleWebKit/537.36 (KHTML, like Gecko) Chrome/91.0.4472.114 Safari/537.36" 4.72
94.233.249.178 - - [30/Jun/2021:17:20:15 +0000] "GET /dashboard/projects HTTP/1.1" 200 21299 "http://178.154.252.33/root/example/-/pipelines" "Mozilla/5.0 (Windows NT 10.0; Win64; x64) AppleWebKit/537.36 (KHTML, like Gecko) Chrome/91.0.4472.114 Safari/537.36" 4.72
172.17.0.1 - - [30/Jun/2021:17:20:15 +0000] "POST /api/v4/jobs/request HTTP/1.1" 204 0 "" "gitlab-runner 14.0.1 (refs/pipelines/326100216; go1.13.8; linux/amd64)" -
94.233.249.178 - - [30/Jun/2021:17:20:17 +0000] "GET /example1/asd HTTP/1.1" 200 25667 "http://178.154.252.33/dashboard/projects" "Mozilla/5.0 (Windows NT 10.0; Win64; x64) AppleWebKit/537.36 (KHTML, like Gecko) Chrome/91.0.4472.114 Safari/537.36" 4.72
127.0.0.1 - - [30/Jun/2021:17:20:17 +0000] "GET /help HTTP/1.1" 200 83228 "" "curl/7.74.0-DEV" -
172.17.0.1 - - [30/Jun/2021:17:20:18 +0000] "POST /api/v4/jobs/request HTTP/1.1" 204 0 "" "gitlab-runner 14.0.1 (refs/pipelines/326100216; go1.13.8; linux/amd64)" -
172.17.0.1 - - [30/Jun/2021:17:20:22 +0000] "POST /api/v4/jobs/request HTTP/1.1" 201 8900 "" "gitlab-runner 14.0.1 (refs/pipelines/326100216; go1.13.8; linux/amd64)" -
94.233.249.178 - - [30/Jun/2021:17:20:23 +0000] "GET /admin HTTP/1.1" 200 22486 "http://178.154.252.33/example1/asd" "Mozilla/5.0 (Windows NT 10.0; Win64; x64) AppleWebKit/537.36 (KHTML, like Gecko) Chrome/91.0.4472.114 Safari/537.36" 4.74
94.233.249.178 - - [30/Jun/2021:17:20:23 +0000] "GET /dashboard/projects HTTP/1.1" 200 21303 "http://178.154.252.33/root/example/-/pipelines" "Mozilla/5.0 (Windows NT 10.0; Win64; x64) AppleWebKit/537.36 (KHTML, like Gecko) Chrome/91.0.4472.114 Safari/537.36" 4.72
94.233.249.178 - - [30/Jun/2021:17:20:24 +0000] "GET /api/v4/application/statistics HTTP/1.1" 200 165 "http://178.154.252.33/admin" "Mozilla/5.0 (Windows NT 10.0; Win64; x64) AppleWebKit/537.36 (KHTML, like Gecko) Chrome/91.0.4472.114 Safari/537.36" -
172.17.0.1 - - [30/Jun/2021:17:20:25 +0000] "PATCH /api/v4/jobs/24/trace HTTP/1.1" 202 2 "" "gitlab-runner 14.0.1 (refs/pipelines/326100216; go1.13.8; linux/amd64)" -
94.233.249.178 - - [30/Jun/2021:17:20:26 +0000] "GET /root/example HTTP/1.1" 200 29988 "http://178.154.252.33/dashboard/projects" "Mozilla/5.0 (Windows NT 10.0; Win64; x64) AppleWebKit/537.36 (KHTML, like Gecko) Chrome/91.0.4472.114 Safari/537.36" 4.69
94.233.249.178 - - [30/Jun/2021:17:20:26 +0000] "POST /api/graphql HTTP/1.1" 200 496 "http://178.154.252.33/root/example" "Mozilla/5.0 (Windows NT 10.0; Win64; x64) AppleWebKit/537.36 (KHTML, like Gecko) Chrome/91.0.4472.114 Safari/537.36" 2.17
94.233.249.178 - - [30/Jun/2021:17:20:26 +0000] "GET /root/example/-/refs/gitlab-ci-1/logs_tree/?format=json&offset=0 HTTP/1.1" 200 536 "http://178.154.252.33/root/example" "Mozilla/5.0 (Windows NT 10.0; Win64; x64) AppleWebKit/537.36 (KHTML, like Gecko) Chrome/91.0.4472.114 Safari/537.36" 6.17
94.233.249.178 - - [30/Jun/2021:17:20:26 +0000] "POST /api/graphql HTTP/1.1" 200 786 "http://178.154.252.33/root/example" "Mozilla/5.0 (Windows NT 10.0; Win64; x64) AppleWebKit/537.36 (KHTML, like Gecko) Chrome/91.0.4472.114 Safari/537.36" 3.61
178.154.252.33 - - [30/Jun/2021:17:20:30 +0000] "GET /root/example.git/info/refs?service=git-upload-pack HTTP/1.1" 200 160 "" "gitlab-runner 14.0.1 linux/amd64" -
178.154.252.33 - - [30/Jun/2021:17:20:30 +0000] "POST /root/example.git/git-upload-pack HTTP/1.1" 200 72 "" "gitlab-runner 14.0.1 linux/amd64" -
178.154.252.33 - - [30/Jun/2021:17:20:30 +0000] "POST /root/example.git/git-upload-pack HTTP/1.1" 200 261 "" "gitlab-runner 14.0.1 linux/amd64" -
94.233.249.178 - - [30/Jun/2021:17:20:32 +0000] "GET /admin/projects HTTP/1.1" 200 22265 "http://178.154.252.33/admin" "Mozilla/5.0 (Windows NT 10.0; Win64; x64) AppleWebKit/537.36 (KHTML, like Gecko) Chrome/91.0.4472.114 Safari/537.36" 4.61
94.233.249.178 - - [30/Jun/2021:17:20:32 +0000] "GET /assets/webpack/commons-pages.admin.groups.show-pages.admin.projects-pages.admin.projects.index-pages.groups.group_m-102a8cd9.d53a6dd2.chunk.js HTTP/1.1" 200 9747 "http://178.154.252.33/admin/projects" "Mozilla/5.0 (Windows NT 10.0; Win64; x64) AppleWebKit/537.36 (KHTML, like Gecko) Chrome/91.0.4472.114 Safari/537.36" -
94.233.249.178 - - [30/Jun/2021:17:20:32 +0000] "GET /assets/webpack/commons-pages.admin.projects-pages.admin.projects.index.cb4cd442.chunk.js HTTP/1.1" 200 8357 "http://178.154.252.33/admin/projects" "Mozilla/5.0 (Windows NT 10.0; Win64; x64) AppleWebKit/537.36 (KHTML, like Gecko) Chrome/91.0.4472.114 Safari/537.36" -
94.233.249.178 - - [30/Jun/2021:17:20:32 +0000] "GET /assets/webpack/pages.admin.projects.index.17904a2d.chunk.js HTTP/1.1" 200 1500 "http://178.154.252.33/admin/projects" "Mozilla/5.0 (Windows NT 10.0; Win64; x64) AppleWebKit/537.36 (KHTML, like Gecko) Chrome/91.0.4472.114 Safari/537.36" -
172.17.0.1 - - [30/Jun/2021:17:20:34 +0000] "PATCH /api/v4/jobs/24/trace HTTP/1.1" 202 2 "" "gitlab-runner 14.0.1 (refs/pipelines/326100216; go1.13.8; linux/amd64)" -
172.17.0.1 - - [30/Jun/2021:17:20:34 +0000] "PUT /api/v4/jobs/24 HTTP/1.1" 200 3 "" "gitlab-runner 14.0.1 (refs/pipelines/326100216; go1.13.8; linux/amd64)" -
172.17.0.1 - - [30/Jun/2021:17:20:34 +0000] "POST /api/v4/jobs/request HTTP/1.1" 201 8921 "" "gitlab-runner 14.0.1 (refs/pipelines/326100216; go1.13.8; linux/amd64)" -
172.17.0.1 - - [30/Jun/2021:17:20:37 +0000] "PATCH /api/v4/jobs/25/trace HTTP/1.1" 202 2 "" "gitlab-runner 14.0.1 (refs/pipelines/326100216; go1.13.8; linux/amd64)" -
94.233.249.178 - - [30/Jun/2021:17:20:40 +0000] "POST /admin/projects/example1/asd HTTP/1.1" 302 102 "http://178.154.252.33/admin/projects" "Mozilla/5.0 (Windows NT 10.0; Win64; x64) AppleWebKit/537.36 (KHTML, like Gecko) Chrome/91.0.4472.114 Safari/537.36" -
94.233.249.178 - - [30/Jun/2021:17:20:40 +0000] "GET /admin/projects HTTP/1.1" 200 22347 "http://178.154.252.33/admin/projects" "Mozilla/5.0 (Windows NT 10.0; Win64; x64) AppleWebKit/537.36 (KHTML, like Gecko) Chrome/91.0.4472.114 Safari/537.36" 4.59
178.154.252.33 - - [30/Jun/2021:17:20:41 +0000] "GET /root/example.git/info/refs?service=git-upload-pack HTTP/1.1" 200 160 "" "gitlab-runner 14.0.1 linux/amd64" -
178.154.252.33 - - [30/Jun/2021:17:20:41 +0000] "POST /root/example.git/git-upload-pack HTTP/1.1" 200 72 "" "gitlab-runner 14.0.1 linux/amd64" -
178.154.252.33 - - [30/Jun/2021:17:20:41 +0000] "POST /root/example.git/git-upload-pack HTTP/1.1" 200 261 "" "gitlab-runner 14.0.1 linux/amd64" -
172.17.0.1 - - [30/Jun/2021:17:20:45 +0000] "PATCH /api/v4/jobs/25/trace HTTP/1.1" 202 2 "" "gitlab-runner 14.0.1 (refs/pipelines/326100216; go1.13.8; linux/amd64)" -
172.17.0.1 - - [30/Jun/2021:17:20:46 +0000] "PUT /api/v4/jobs/25 HTTP/1.1" 200 3 "" "gitlab-runner 14.0.1 (refs/pipelines/326100216; go1.13.8; linux/amd64)" -
172.17.0.1 - - [30/Jun/2021:17:20:46 +0000] "POST /api/v4/jobs/request HTTP/1.1" 204 0 "" "gitlab-runner 14.0.1 (refs/pipelines/326100216; go1.13.8; linux/amd64)" -
94.233.249.178 - - [30/Jun/2021:17:20:46 +0000] "POST /admin/projects/root/homework HTTP/1.1" 302 102 "http://178.154.252.33/admin/projects" "Mozilla/5.0 (Windows NT 10.0; Win64; x64) AppleWebKit/537.36 (KHTML, like Gecko) Chrome/91.0.4472.114 Safari/537.36" -
94.233.249.178 - - [30/Jun/2021:17:20:47 +0000] "GET /admin/projects HTTP/1.1" 200 22298 "http://178.154.252.33/admin/projects" "Mozilla/5.0 (Windows NT 10.0; Win64; x64) AppleWebKit/537.36 (KHTML, like Gecko) Chrome/91.0.4472.114 Safari/537.36" 4.56
94.233.249.178 - - [30/Jun/2021:17:20:47 +0000] "GET /root/example/-/pipelines.json?scope=all&page=1 HTTP/1.1" 200 1753 "http://178.154.252.33/root/example/-/pipelines" "Mozilla/5.0 (Windows NT 10.0; Win64; x64) AppleWebKit/537.36 (KHTML, like Gecko) Chrome/91.0.4472.114 Safari/537.36" 6.59
172.17.0.1 - - [30/Jun/2021:17:20:49 +0000] "POST /api/v4/jobs/request HTTP/1.1" 204 0 "" "gitlab-runner 14.0.1 (refs/pipelines/326100216; go1.13.8; linux/amd64)" -
172.17.0.1 - - [30/Jun/2021:17:20:52 +0000] "POST /api/v4/jobs/request HTTP/1.1" 201 9029 "" "gitlab-runner 14.0.1 (refs/pipelines/326100216; go1.13.8; linux/amd64)" -
172.17.0.1 - - [30/Jun/2021:17:20:55 +0000] "PATCH /api/v4/jobs/26/trace HTTP/1.1" 202 2 "" "gitlab-runner 14.0.1 (refs/pipelines/326100216; go1.13.8; linux/amd64)" -
178.154.252.33 - - [30/Jun/2021:17:21:02 +0000] "GET /root/example.git/info/refs?service=git-upload-pack HTTP/1.1" 200 160 "" "gitlab-runner 14.0.1 linux/amd64" -
178.154.252.33 - - [30/Jun/2021:17:21:02 +0000] "POST /root/example.git/git-upload-pack HTTP/1.1" 200 72 "" "gitlab-runner 14.0.1 linux/amd64" -
178.154.252.33 - - [30/Jun/2021:17:21:03 +0000] "POST /root/example.git/git-upload-pack HTTP/1.1" 200 261 "" "gitlab-runner 14.0.1 linux/amd64" -
172.17.0.1 - - [30/Jun/2021:17:21:06 +0000] "PATCH /api/v4/jobs/26/trace HTTP/1.1" 202 2 "" "gitlab-runner 14.0.1 (refs/pipelines/326100216; go1.13.8; linux/amd64)" -
172.17.0.1 - - [30/Jun/2021:17:21:06 +0000] "PUT /api/v4/jobs/26 HTTP/1.1" 200 3 "" "gitlab-runner 14.0.1 (refs/pipelines/326100216; go1.13.8; linux/amd64)" -
172.17.0.1 - - [30/Jun/2021:17:21:07 +0000] "POST /api/v4/jobs/request HTTP/1.1" 204 0 "" "gitlab-runner 14.0.1 (refs/pipelines/326100216; go1.13.8; linux/amd64)" -
172.17.0.1 - - [30/Jun/2021:17:21:09 +0000] "POST /api/v4/jobs/request HTTP/1.1" 204 0 "" "gitlab-runner 14.0.1 (refs/pipelines/326100216; go1.13.8; linux/amd64)" -
172.17.0.1 - - [30/Jun/2021:17:21:12 +0000] "POST /api/v4/jobs/request HTTP/1.1" 204 0 "" "gitlab-runner 14.0.1 (refs/pipelines/326100216; go1.13.8; linux/amd64)" -
172.17.0.1 - - [30/Jun/2021:17:21:15 +0000] "POST /api/v4/jobs/request HTTP/1.1" 204 0 "" "gitlab-runner 14.0.1 (refs/pipelines/326100216; go1.13.8; linux/amd64)" -
127.0.0.1 - - [30/Jun/2021:17:21:17 +0000] "GET /help HTTP/1.1" 200 83228 "" "curl/7.74.0-DEV" -
172.17.0.1 - - [30/Jun/2021:17:21:18 +0000] "POST /api/v4/jobs/request HTTP/1.1" 204 0 "" "gitlab-runner 14.0.1 (refs/pipelines/326100216; go1.13.8; linux/amd64)" -
172.17.0.1 - - [30/Jun/2021:17:21:21 +0000] "POST /api/v4/jobs/request HTTP/1.1" 204 0 "" "gitlab-runner 14.0.1 (refs/pipelines/326100216; go1.13.8; linux/amd64)" -
172.17.0.1 - - [30/Jun/2021:17:21:24 +0000] "POST /api/v4/jobs/request HTTP/1.1" 204 0 "" "gitlab-runner 14.0.1 (refs/pipelines/326100216; go1.13.8; linux/amd64)" -
172.17.0.1 - - [30/Jun/2021:17:21:27 +0000] "POST /api/v4/jobs/request HTTP/1.1" 204 0 "" "gitlab-runner 14.0.1 (refs/pipelines/326100216; go1.13.8; linux/amd64)" -
172.17.0.1 - - [30/Jun/2021:17:21:30 +0000] "POST /api/v4/jobs/request HTTP/1.1" 204 0 "" "gitlab-runner 14.0.1 (refs/pipelines/326100216; go1.13.8; linux/amd64)" -
172.17.0.1 - - [30/Jun/2021:17:21:33 +0000] "POST /api/v4/jobs/request HTTP/1.1" 204 0 "" "gitlab-runner 14.0.1 (refs/pipelines/326100216; go1.13.8; linux/amd64)" -
172.17.0.1 - - [30/Jun/2021:17:21:36 +0000] "POST /api/v4/jobs/request HTTP/1.1" 204 0 "" "gitlab-runner 14.0.1 (refs/pipelines/326100216; go1.13.8; linux/amd64)" -
172.17.0.1 - - [30/Jun/2021:17:21:39 +0000] "POST /api/v4/jobs/request HTTP/1.1" 204 0 "" "gitlab-runner 14.0.1 (refs/pipelines/326100216; go1.13.8; linux/amd64)" -
172.17.0.1 - - [30/Jun/2021:17:21:42 +0000] "POST /api/v4/jobs/request HTTP/1.1" 204 0 "" "gitlab-runner 14.0.1 (refs/pipelines/326100216; go1.13.8; linux/amd64)" -
172.17.0.1 - - [30/Jun/2021:17:21:45 +0000] "POST /api/v4/jobs/request HTTP/1.1" 204 0 "" "gitlab-runner 14.0.1 (refs/pipelines/326100216; go1.13.8; linux/amd64)" -
172.17.0.1 - - [30/Jun/2021:17:21:48 +0000] "POST /api/v4/jobs/request HTTP/1.1" 204 0 "" "gitlab-runner 14.0.1 (refs/pipelines/326100216; go1.13.8; linux/amd64)" -
172.17.0.1 - - [30/Jun/2021:17:21:51 +0000] "POST /api/v4/jobs/request HTTP/1.1" 204 0 "" "gitlab-runner 14.0.1 (refs/pipelines/326100216; go1.13.8; linux/amd64)" -
172.17.0.1 - - [30/Jun/2021:17:21:54 +0000] "POST /api/v4/jobs/request HTTP/1.1" 204 0 "" "gitlab-runner 14.0.1 (refs/pipelines/326100216; go1.13.8; linux/amd64)" -
172.17.0.1 - - [30/Jun/2021:17:21:57 +0000] "POST /api/v4/jobs/request HTTP/1.1" 204 0 "" "gitlab-runner 14.0.1 (refs/pipelines/326100216; go1.13.8; linux/amd64)" -
172.17.0.1 - - [30/Jun/2021:17:22:00 +0000] "POST /api/v4/jobs/request HTTP/1.1" 204 0 "" "gitlab-runner 14.0.1 (refs/pipelines/326100216; go1.13.8; linux/amd64)" -
172.17.0.1 - - [30/Jun/2021:17:22:03 +0000] "POST /api/v4/jobs/request HTTP/1.1" 204 0 "" "gitlab-runner 14.0.1 (refs/pipelines/326100216; go1.13.8; linux/amd64)" -
172.17.0.1 - - [30/Jun/2021:17:22:06 +0000] "POST /api/v4/jobs/request HTTP/1.1" 204 0 "" "gitlab-runner 14.0.1 (refs/pipelines/326100216; go1.13.8; linux/amd64)" -
172.17.0.1 - - [30/Jun/2021:17:22:09 +0000] "POST /api/v4/jobs/request HTTP/1.1" 204 0 "" "gitlab-runner 14.0.1 (refs/pipelines/326100216; go1.13.8; linux/amd64)" -
172.17.0.1 - - [30/Jun/2021:17:22:12 +0000] "POST /api/v4/jobs/request HTTP/1.1" 204 0 "" "gitlab-runner 14.0.1 (refs/pipelines/326100216; go1.13.8; linux/amd64)" -
172.17.0.1 - - [30/Jun/2021:17:22:15 +0000] "POST /api/v4/jobs/request HTTP/1.1" 204 0 "" "gitlab-runner 14.0.1 (refs/pipelines/326100216; go1.13.8; linux/amd64)" -
127.0.0.1 - - [30/Jun/2021:17:22:17 +0000] "GET /help HTTP/1.1" 200 83228 "" "curl/7.74.0-DEV" -
172.17.0.1 - - [30/Jun/2021:17:22:18 +0000] "POST /api/v4/jobs/request HTTP/1.1" 204 0 "" "gitlab-runner 14.0.1 (refs/pipelines/326100216; go1.13.8; linux/amd64)" -
172.17.0.1 - - [30/Jun/2021:17:22:21 +0000] "POST /api/v4/jobs/request HTTP/1.1" 204 0 "" "gitlab-runner 14.0.1 (refs/pipelines/326100216; go1.13.8; linux/amd64)" -
172.17.0.1 - - [30/Jun/2021:17:22:24 +0000] "POST /api/v4/jobs/request HTTP/1.1" 204 0 "" "gitlab-runner 14.0.1 (refs/pipelines/326100216; go1.13.8; linux/amd64)" -
172.17.0.1 - - [30/Jun/2021:17:22:27 +0000] "POST /api/v4/jobs/request HTTP/1.1" 204 0 "" "gitlab-runner 14.0.1 (refs/pipelines/326100216; go1.13.8; linux/amd64)" -
172.17.0.1 - - [30/Jun/2021:17:22:30 +0000] "POST /api/v4/jobs/request HTTP/1.1" 204 0 "" "gitlab-runner 14.0.1 (refs/pipelines/326100216; go1.13.8; linux/amd64)" -
172.17.0.1 - - [30/Jun/2021:17:22:33 +0000] "POST /api/v4/jobs/request HTTP/1.1" 204 0 "" "gitlab-runner 14.0.1 (refs/pipelines/326100216; go1.13.8; linux/amd64)" -
172.17.0.1 - - [30/Jun/2021:17:22:36 +0000] "POST /api/v4/jobs/request HTTP/1.1" 204 0 "" "gitlab-runner 14.0.1 (refs/pipelines/326100216; go1.13.8; linux/amd64)" -
172.17.0.1 - - [30/Jun/2021:17:22:39 +0000] "POST /api/v4/jobs/request HTTP/1.1" 204 0 "" "gitlab-runner 14.0.1 (refs/pipelines/326100216; go1.13.8; linux/amd64)" -
172.17.0.1 - - [30/Jun/2021:17:22:42 +0000] "POST /api/v4/jobs/request HTTP/1.1" 204 0 "" "gitlab-runner 14.0.1 (refs/pipelines/326100216; go1.13.8; linux/amd64)" -
172.17.0.1 - - [30/Jun/2021:17:22:45 +0000] "POST /api/v4/jobs/request HTTP/1.1" 204 0 "" "gitlab-runner 14.0.1 (refs/pipelines/326100216; go1.13.8; linux/amd64)" -
172.17.0.1 - - [30/Jun/2021:17:22:48 +0000] "POST /api/v4/jobs/request HTTP/1.1" 204 0 "" "gitlab-runner 14.0.1 (refs/pipelines/326100216; go1.13.8; linux/amd64)" -
172.17.0.1 - - [30/Jun/2021:17:22:51 +0000] "POST /api/v4/jobs/request HTTP/1.1" 204 0 "" "gitlab-runner 14.0.1 (refs/pipelines/326100216; go1.13.8; linux/amd64)" -
172.17.0.1 - - [30/Jun/2021:17:22:54 +0000] "POST /api/v4/jobs/request HTTP/1.1" 204 0 "" "gitlab-runner 14.0.1 (refs/pipelines/326100216; go1.13.8; linux/amd64)" -
172.17.0.1 - - [30/Jun/2021:17:22:57 +0000] "POST /api/v4/jobs/request HTTP/1.1" 204 0 "" "gitlab-runner 14.0.1 (refs/pipelines/326100216; go1.13.8; linux/amd64)" -
172.17.0.1 - - [30/Jun/2021:17:23:00 +0000] "POST /api/v4/jobs/request HTTP/1.1" 204 0 "" "gitlab-runner 14.0.1 (refs/pipelines/326100216; go1.13.8; linux/amd64)" -
172.17.0.1 - - [30/Jun/2021:17:23:03 +0000] "POST /api/v4/jobs/request HTTP/1.1" 204 0 "" "gitlab-runner 14.0.1 (refs/pipelines/326100216; go1.13.8; linux/amd64)" -
172.17.0.1 - - [30/Jun/2021:17:23:06 +0000] "POST /api/v4/jobs/request HTTP/1.1" 204 0 "" "gitlab-runner 14.0.1 (refs/pipelines/326100216; go1.13.8; linux/amd64)" -
172.17.0.1 - - [30/Jun/2021:17:23:09 +0000] "POST /api/v4/jobs/request HTTP/1.1" 204 0 "" "gitlab-runner 14.0.1 (refs/pipelines/326100216; go1.13.8; linux/amd64)" -
172.17.0.1 - - [30/Jun/2021:17:23:12 +0000] "POST /api/v4/jobs/request HTTP/1.1" 204 0 "" "gitlab-runner 14.0.1 (refs/pipelines/326100216; go1.13.8; linux/amd64)" -
172.17.0.1 - - [30/Jun/2021:17:23:15 +0000] "POST /api/v4/jobs/request HTTP/1.1" 204 0 "" "gitlab-runner 14.0.1 (refs/pipelines/326100216; go1.13.8; linux/amd64)" -
127.0.0.1 - - [30/Jun/2021:17:23:18 +0000] "GET /help HTTP/1.1" 200 83235 "" "curl/7.74.0-DEV" -
172.17.0.1 - - [30/Jun/2021:17:23:18 +0000] "POST /api/v4/jobs/request HTTP/1.1" 204 0 "" "gitlab-runner 14.0.1 (refs/pipelines/326100216; go1.13.8; linux/amd64)" -
172.17.0.1 - - [30/Jun/2021:17:23:21 +0000] "POST /api/v4/jobs/request HTTP/1.1" 204 0 "" "gitlab-runner 14.0.1 (refs/pipelines/326100216; go1.13.8; linux/amd64)" -
172.17.0.1 - - [30/Jun/2021:17:23:24 +0000] "POST /api/v4/jobs/request HTTP/1.1" 204 0 "" "gitlab-runner 14.0.1 (refs/pipelines/326100216; go1.13.8; linux/amd64)" -
172.17.0.1 - - [30/Jun/2021:17:23:27 +0000] "POST /api/v4/jobs/request HTTP/1.1" 204 0 "" "gitlab-runner 14.0.1 (refs/pipelines/326100216; go1.13.8; linux/amd64)" -
172.17.0.1 - - [30/Jun/2021:17:23:30 +0000] "POST /api/v4/jobs/request HTTP/1.1" 204 0 "" "gitlab-runner 14.0.1 (refs/pipelines/326100216; go1.13.8; linux/amd64)" -
172.17.0.1 - - [30/Jun/2021:17:23:33 +0000] "POST /api/v4/jobs/request HTTP/1.1" 204 0 "" "gitlab-runner 14.0.1 (refs/pipelines/326100216; go1.13.8; linux/amd64)" -
172.17.0.1 - - [30/Jun/2021:17:23:36 +0000] "POST /api/v4/jobs/request HTTP/1.1" 204 0 "" "gitlab-runner 14.0.1 (refs/pipelines/326100216; go1.13.8; linux/amd64)" -
172.17.0.1 - - [30/Jun/2021:17:23:39 +0000] "POST /api/v4/jobs/request HTTP/1.1" 204 0 "" "gitlab-runner 14.0.1 (refs/pipelines/326100216; go1.13.8; linux/amd64)" -
172.17.0.1 - - [30/Jun/2021:17:23:42 +0000] "POST /api/v4/jobs/request HTTP/1.1" 204 0 "" "gitlab-runner 14.0.1 (refs/pipelines/326100216; go1.13.8; linux/amd64)" -
172.17.0.1 - - [30/Jun/2021:17:23:45 +0000] "POST /api/v4/jobs/request HTTP/1.1" 204 0 "" "gitlab-runner 14.0.1 (refs/pipelines/326100216; go1.13.8; linux/amd64)" -
172.17.0.1 - - [30/Jun/2021:17:23:48 +0000] "POST /api/v4/jobs/request HTTP/1.1" 204 0 "" "gitlab-runner 14.0.1 (refs/pipelines/326100216; go1.13.8; linux/amd64)" -
172.17.0.1 - - [30/Jun/2021:17:23:51 +0000] "POST /api/v4/jobs/request HTTP/1.1" 204 0 "" "gitlab-runner 14.0.1 (refs/pipelines/326100216; go1.13.8; linux/amd64)" -
172.17.0.1 - - [30/Jun/2021:17:23:54 +0000] "POST /api/v4/jobs/request HTTP/1.1" 204 0 "" "gitlab-runner 14.0.1 (refs/pipelines/326100216; go1.13.8; linux/amd64)" -
172.17.0.1 - - [30/Jun/2021:17:23:57 +0000] "POST /api/v4/jobs/request HTTP/1.1" 204 0 "" "gitlab-runner 14.0.1 (refs/pipelines/326100216; go1.13.8; linux/amd64)" -
172.17.0.1 - - [30/Jun/2021:17:24:00 +0000] "POST /api/v4/jobs/request HTTP/1.1" 204 0 "" "gitlab-runner 14.0.1 (refs/pipelines/326100216; go1.13.8; linux/amd64)" -
172.17.0.1 - - [30/Jun/2021:17:24:03 +0000] "POST /api/v4/jobs/request HTTP/1.1" 204 0 "" "gitlab-runner 14.0.1 (refs/pipelines/326100216; go1.13.8; linux/amd64)" -
172.17.0.1 - - [30/Jun/2021:17:24:06 +0000] "POST /api/v4/jobs/request HTTP/1.1" 204 0 "" "gitlab-runner 14.0.1 (refs/pipelines/326100216; go1.13.8; linux/amd64)" -
172.17.0.1 - - [30/Jun/2021:17:24:09 +0000] "POST /api/v4/jobs/request HTTP/1.1" 204 0 "" "gitlab-runner 14.0.1 (refs/pipelines/326100216; go1.13.8; linux/amd64)" -
172.17.0.1 - - [30/Jun/2021:17:24:12 +0000] "POST /api/v4/jobs/request HTTP/1.1" 204 0 "" "gitlab-runner 14.0.1 (refs/pipelines/326100216; go1.13.8; linux/amd64)" -
172.17.0.1 - - [30/Jun/2021:17:24:15 +0000] "POST /api/v4/jobs/request HTTP/1.1" 204 0 "" "gitlab-runner 14.0.1 (refs/pipelines/326100216; go1.13.8; linux/amd64)" -
127.0.0.1 - - [30/Jun/2021:17:24:18 +0000] "GET /help HTTP/1.1" 200 83228 "" "curl/7.74.0-DEV" -
172.17.0.1 - - [30/Jun/2021:17:24:18 +0000] "POST /api/v4/jobs/request HTTP/1.1" 204 0 "" "gitlab-runner 14.0.1 (refs/pipelines/326100216; go1.13.8; linux/amd64)" -
172.17.0.1 - - [30/Jun/2021:17:24:21 +0000] "POST /api/v4/jobs/request HTTP/1.1" 204 0 "" "gitlab-runner 14.0.1 (refs/pipelines/326100216; go1.13.8; linux/amd64)" -
172.17.0.1 - - [30/Jun/2021:17:24:24 +0000] "POST /api/v4/jobs/request HTTP/1.1" 204 0 "" "gitlab-runner 14.0.1 (refs/pipelines/326100216; go1.13.8; linux/amd64)" -
172.17.0.1 - - [30/Jun/2021:17:24:27 +0000] "POST /api/v4/jobs/request HTTP/1.1" 204 0 "" "gitlab-runner 14.0.1 (refs/pipelines/326100216; go1.13.8; linux/amd64)" -
172.17.0.1 - - [30/Jun/2021:17:24:30 +0000] "POST /api/v4/jobs/request HTTP/1.1" 204 0 "" "gitlab-runner 14.0.1 (refs/pipelines/326100216; go1.13.8; linux/amd64)" -
172.17.0.1 - - [30/Jun/2021:17:24:33 +0000] "POST /api/v4/jobs/request HTTP/1.1" 204 0 "" "gitlab-runner 14.0.1 (refs/pipelines/326100216; go1.13.8; linux/amd64)" -
172.17.0.1 - - [30/Jun/2021:17:24:36 +0000] "POST /api/v4/jobs/request HTTP/1.1" 204 0 "" "gitlab-runner 14.0.1 (refs/pipelines/326100216; go1.13.8; linux/amd64)" -
172.17.0.1 - - [30/Jun/2021:17:24:39 +0000] "POST /api/v4/jobs/request HTTP/1.1" 204 0 "" "gitlab-runner 14.0.1 (refs/pipelines/326100216; go1.13.8; linux/amd64)" -
172.17.0.1 - - [30/Jun/2021:17:24:42 +0000] "POST /api/v4/jobs/request HTTP/1.1" 204 0 "" "gitlab-runner 14.0.1 (refs/pipelines/326100216; go1.13.8; linux/amd64)" -
172.17.0.1 - - [30/Jun/2021:17:24:45 +0000] "POST /api/v4/jobs/request HTTP/1.1" 204 0 "" "gitlab-runner 14.0.1 (refs/pipelines/326100216; go1.13.8; linux/amd64)" -
172.17.0.1 - - [30/Jun/2021:17:24:48 +0000] "POST /api/v4/jobs/request HTTP/1.1" 204 0 "" "gitlab-runner 14.0.1 (refs/pipelines/326100216; go1.13.8; linux/amd64)" -
172.17.0.1 - - [30/Jun/2021:17:24:51 +0000] "POST /api/v4/jobs/request HTTP/1.1" 204 0 "" "gitlab-runner 14.0.1 (refs/pipelines/326100216; go1.13.8; linux/amd64)" -
172.17.0.1 - - [30/Jun/2021:17:24:55 +0000] "POST /api/v4/jobs/request HTTP/1.1" 204 0 "" "gitlab-runner 14.0.1 (refs/pipelines/326100216; go1.13.8; linux/amd64)" -
172.17.0.1 - - [30/Jun/2021:17:24:58 +0000] "POST /api/v4/jobs/request HTTP/1.1" 204 0 "" "gitlab-runner 14.0.1 (refs/pipelines/326100216; go1.13.8; linux/amd64)" -
172.17.0.1 - - [30/Jun/2021:17:25:00 +0000] "POST /api/v4/jobs/request HTTP/1.1" 204 0 "" "gitlab-runner 14.0.1 (refs/pipelines/326100216; go1.13.8; linux/amd64)" -
172.17.0.1 - - [30/Jun/2021:17:25:03 +0000] "POST /api/v4/jobs/request HTTP/1.1" 204 0 "" "gitlab-runner 14.0.1 (refs/pipelines/326100216; go1.13.8; linux/amd64)" -
172.17.0.1 - - [30/Jun/2021:17:25:06 +0000] "POST /api/v4/jobs/request HTTP/1.1" 204 0 "" "gitlab-runner 14.0.1 (refs/pipelines/326100216; go1.13.8; linux/amd64)" -
172.17.0.1 - - [30/Jun/2021:17:25:09 +0000] "POST /api/v4/jobs/request HTTP/1.1" 204 0 "" "gitlab-runner 14.0.1 (refs/pipelines/326100216; go1.13.8; linux/amd64)" -
172.17.0.1 - - [30/Jun/2021:17:25:12 +0000] "POST /api/v4/jobs/request HTTP/1.1" 204 0 "" "gitlab-runner 14.0.1 (refs/pipelines/326100216; go1.13.8; linux/amd64)" -
172.17.0.1 - - [30/Jun/2021:17:25:16 +0000] "POST /api/v4/jobs/request HTTP/1.1" 204 0 "" "gitlab-runner 14.0.1 (refs/pipelines/326100216; go1.13.8; linux/amd64)" -
127.0.0.1 - - [30/Jun/2021:17:25:18 +0000] "GET /help HTTP/1.1" 200 83235 "" "curl/7.74.0-DEV" -
172.17.0.1 - - [30/Jun/2021:17:25:19 +0000] "POST /api/v4/jobs/request HTTP/1.1" 204 0 "" "gitlab-runner 14.0.1 (refs/pipelines/326100216; go1.13.8; linux/amd64)" -
172.17.0.1 - - [30/Jun/2021:17:25:22 +0000] "POST /api/v4/jobs/request HTTP/1.1" 204 0 "" "gitlab-runner 14.0.1 (refs/pipelines/326100216; go1.13.8; linux/amd64)" -
172.17.0.1 - - [30/Jun/2021:17:25:25 +0000] "POST /api/v4/jobs/request HTTP/1.1" 204 0 "" "gitlab-runner 14.0.1 (refs/pipelines/326100216; go1.13.8; linux/amd64)" -
172.17.0.1 - - [30/Jun/2021:17:25:28 +0000] "POST /api/v4/jobs/request HTTP/1.1" 204 0 "" "gitlab-runner 14.0.1 (refs/pipelines/326100216; go1.13.8; linux/amd64)" -
172.17.0.1 - - [30/Jun/2021:17:25:31 +0000] "POST /api/v4/jobs/request HTTP/1.1" 204 0 "" "gitlab-runner 14.0.1 (refs/pipelines/326100216; go1.13.8; linux/amd64)" -
172.17.0.1 - - [30/Jun/2021:17:25:34 +0000] "POST /api/v4/jobs/request HTTP/1.1" 204 0 "" "gitlab-runner 14.0.1 (refs/pipelines/326100216; go1.13.8; linux/amd64)" -
172.17.0.1 - - [30/Jun/2021:17:25:37 +0000] "POST /api/v4/jobs/request HTTP/1.1" 204 0 "" "gitlab-runner 14.0.1 (refs/pipelines/326100216; go1.13.8; linux/amd64)" -
