94.233.249.178 - - [30/Jun/2021:16:58:12 +0000] "GET /api/graphql?query=query%20getPipelineHeaderData(%24fullPath%3A%20ID!%2C%20%24iid%3A%20ID!)%20%7B%0A%20%20project(fullPath%3A%20%24fullPath)%20%7B%0A%20%20%20%20pipeline(iid%3A%20%24iid)%20%7B%0A%20%20%20%20%20%20id%0A%20%20%20%20%20%20iid%0A%20%20%20%20%20%20status%0A%20%20%20%20%20%20retryable%0A%20%20%20%20%20%20cancelable%0A%20%20%20%20%20%20userPermissions%20%7B%0A%20%20%20%20%20%20%20%20destroyPipeline%0A%20%20%20%20%20%20%20%20updatePipeline%0A%20%20%20%20%20%20%20%20__typename%0A%20%20%20%20%20%20%7D%0A%20%20%20%20%20%20detailedStatus%20%7B%0A%20%20%20%20%20%20%20%20detailsPath%0A%20%20%20%20%20%20%20%20icon%0A%20%20%20%20%20%20%20%20group%0A%20%20%20%20%20%20%20%20text%0A%20%20%20%20%20%20%20%20__typename%0A%20%20%20%20%20%20%7D%0A%20%20%20%20%20%20createdAt%0A%20%20%20%20%20%20user%20%7B%0A%20%20%20%20%20%20%20%20name%0A%20%20%20%20%20%20%20%20webPath%0A%20%20%20%20%20%20%20%20email%0A%20%20%20%20%20%20%20%20avatarUrl%0A%20%20%20%20%20%20%20%20status%20%7B%0A%20%20%20%20%20%20%20%20%20%20message%0A%20%20%20%20%20%20%20%20%20%20emoji%0A%20%20%20%20%20%20%20%20%20%20__typename%0A%20%20%20%20%20%20%20%20%7D%0A%20%20%20%20%20%20%20%20__typename%0A%20%20%20%20%20%20%7D%0A%20%20%20%20%20%20__typename%0A%20%20%20%20%7D%0A%20%20%20%20__typename%0A%20%20%7D%0A%7D%0A&operationName=getPipelineHeaderData&variables=%7B%22fullPath%22%3A%22root%2Fexample%22%2C%22iid%22%3A%221%22%7D HTTP/1.1" 304 0 "http://178.154.252.33/root/example/-/pipelines/1" "Mozilla/5.0 (Windows NT 10.0; Win64; x64) AppleWebKit/537.36 (KHTML, like Gecko) Chrome/91.0.4472.114 Safari/537.36" -
94.233.249.178 - - [30/Jun/2021:16:58:12 +0000] "POST /api/graphql HTTP/1.1" 200 355 "http://178.154.252.33/root/example/-/pipelines/1" "Mozilla/5.0 (Windows NT 10.0; Win64; x64) AppleWebKit/537.36 (KHTML, like Gecko) Chrome/91.0.4472.114 Safari/537.36" 7.16
94.233.249.178 - - [30/Jun/2021:16:58:12 +0000] "GET /root/example/-/pipelines/1/tests/summary.json HTTP/1.1" 304 0 "http://178.154.252.33/root/example/-/pipelines/1" "Mozilla/5.0 (Windows NT 10.0; Win64; x64) AppleWebKit/537.36 (KHTML, like Gecko) Chrome/91.0.4472.114 Safari/537.36" -
94.233.249.178 - - [30/Jun/2021:16:58:12 +0000] "GET /api/graphql?query=fragment%20LinkedPipelineData%20on%20Pipeline%20%7B%0A%20%20__typename%0A%20%20id%0A%20%20iid%0A%20%20path%0A%20%20status%3A%20detailedStatus%20%7B%0A%20%20%20%20__typename%0A%20%20%20%20group%0A%20%20%20%20label%0A%20%20%20%20icon%0A%20%20%7D%0A%20%20sourceJob%20%7B%0A%20%20%20%20__typename%0A%20%20%20%20name%0A%20%20%7D%0A%20%20project%20%7B%0A%20%20%20%20__typename%0A%20%20%20%20name%0A%20%20%20%20fullPath%0A%20%20%7D%0A%7D%0A%0Aquery%20getPipelineDetails(%24projectPath%3A%20ID!%2C%20%24iid%3A%20ID!)%20%7B%0A%20%20project(fullPath%3A%20%24projectPath)%20%7B%0A%20%20%20%20__typename%0A%20%20%20%20pipeline(iid%3A%20%24iid)%20%7B%0A%20%20%20%20%20%20__typename%0A%20%20%20%20%20%20id%0A%20%20%20%20%20%20iid%0A%20%20%20%20%20%20complete%0A%20%20%20%20%20%20usesNeeds%0A%20%20%20%20%20%20downstream%20%7B%0A%20%20%20%20%20%20%20%20__typename%0A%20%20%20%20%20%20%20%20nodes%20%7B%0A%20%20%20%20%20%20%20%20%20%20...LinkedPipelineData%0A%20%20%20%20%20%20%20%20%20%20__typename%0A%20%20%20%20%20%20%20%20%7D%0A%20%20%20%20%20%20%7D%0A%20%20%20%20%20%20upstream%20%7B%0A%20%20%20%20%20%20%20%20...LinkedPipelineData%0A%20%20%20%20%20%20%20%20__typename%0A%20%20%20%20%20%20%7D%0A%20%20%20%20%20%20stages%20%7B%0A%20%20%20%20%20%20%20%20__typename%0A%20%20%20%20%20%20%20%20nodes%20%7B%0A%20%20%20%20%20%20%20%20%20%20__typename%0A%20%20%20%20%20%20%20%20%20%20name%0A%20%20%20%20%20%20%20%20%20%20status%3A%20detailedStatus%20%7B%0A%20%20%20%20%20%20%20%20%20%20%20%20__typename%0A%20%20%20%20%20%20%20%20%20%20%20%20action%20%7B%0A%20%20%20%20%20%20%20%20%20%20%20%20%20%20__typename%0A%20%20%20%20%20%20%20%20%20%20%20%20%20%20icon%0A%20%20%20%20%20%20%20%20%20%20%20%20%20%20path%0A%20%20%20%20%20%20%20%20%20%20%20%20%20%20title%0A%20%20%20%20%20%20%20%20%20%20%20%20%7D%0A%20%20%20%20%20%20%20%20%20%20%7D%0A%20%20%20%20%20%20%20%20%20%20groups%20%7B%0A%20%20%20%20%20%20%20%20%20%20%20%20__typename%0A%20%20%20%20%20%20%20%20%20%20%20%20nodes%20%7B%0A%20%20%20%20%20%20%20%20%20%20%20%20%20%20__typename%0A%20%20%20%20%20%20%20%20%20%20%20%20%20%20status%3A%20detailedStatus%20%7B%0A%20%20%20%20%20%20%20%20%20%20%20%20%20%20%20%20__typename%0A%20%20%20%20%20%20%20%20%20%20%20%20%20%20%20%20label%0A%20%20%20%20%20%20%20%20%20%20%20%20%20%20%20%20group%0A%20%20%20%20%20%20%20%20%20%20%20%20%20%20%20%20icon%0A%20%20%20%20%20%20%20%20%20%20%20%20%20%20%7D%0A%20%20%20%20%20%20%20%20%20%20%20%20%20%20name%0A%20%20%20%20%20%20%20%20%20%20%20%20%20%20size%0A%20%20%20%20%20%20%20%20%20%20%20%20%20%20jobs%20%7B%0A%20%20%20%20%20%20%20%20%20%20%20%20%20%20%20%20__typename%0A%20%20%20%20%20%20%20%20%20%20%20%20%20%20%20%20nodes%20%7B%0A%20%20%20%20%20%20%20%20%20%20%20%20%20%20%20%20%20%20__typename%0A%20%20%20%20%20%20%20%20%20%20%20%20%20%20%20%20%20%20name%0A%20%20%20%20%20%20%20%20%20%20%20%20%20%20%20%20%20%20scheduledAt%0A%20%20%20%20%20%20%20%20%20%20%20%20%20%20%20%20%20%20needs%20%7B%0A%20%20%20%20%20%20%20%20%20%20%20%20%20%20%20%20%20%20%20%20__typename%0A%20%20%20%20%20%20%20%20%20%20%20%20%20%20%20%20%20%20%20%20nodes%20%7B%0A%20%20%20%20%20%20%20%20%20%20%20%20%20%20%20%20%20%20%20%20%20%20__typename%0A%20%20%20%20%20%20%20%20%20%20%20%20%20%20%20%20%20%20%20%20%20%20name%0A%20%20%20%20%20%20%20%20%20%20%20%20%20%20%20%20%20%20%20%20%7D%0A%20%20%20%20%20%20%20%20%20%20%20%20%20%20%20%20%20%20%7D%0A%20%20%20%20%20%20%20%20%20%20%20%20%20%20%20%20%20%20status%3A%20detailedStatus%20%7B%0A%20%20%20%20%20%20%20%20%20%20%20%20%20%20%20%20%20%20%20%20__typename%0A%20%20%20%20%20%20%20%20%20%20%20%20%20%20%20%20%20%20%20%20icon%0A%20%20%20%20%20%20%20%20%20%20%20%20%20%20%20%20%20%20%20%20tooltip%0A%20%20%20%20%20%20%20%20%20%20%20%20%20%20%20%20%20%20%20%20hasDetails%0A%20%20%20%20%20%20%20%20%20%20%20%20%20%20%20%20%20%20%20%20detailsPath%0A%20%20%20%20%20%20%20%20%20%20%20%20%20%20%20%20%20%20%20%20group%0A%20%20%20%20%20%20%20%20%20%20%20%20%20%20%20%20%20%20%20%20action%20%7B%0A%20%20%20%20%20%20%20%20%20%20%20%20%20%20%20%20%20%20%20%20%20%20__typename%0A%20%20%20%20%20%20%20%20%20%20%20%20%20%20%20%20%20%20%20%20%20%20buttonTitle%0A%20%20%20%20%20%20%20%20%20%20%20%20%20%20%20%20%20%20%20%20%20%20icon%0A%20%20%20%20%20%20%20%20%20%20%20%20%20%20%20%20%20%20%20%20%20%20path%0A%20%20%20%20%20%20%20%20%20%20%20%20%20%20%20%20%20%20%20%20%20%20title%0A%20%20%20%20%20%20%20%20%20%20%20%20%20%20%20%20%20%20%20%20%7D%0A%20%20%20%20%20%20%20%20%20%20%20%20%20%20%20%20%20%20%7D%0A%20%20%20%20%20%20%20%20%20%20%20%20%20%20%20%20%7D%0A%20%20%20%20%20%20%20%20%20%20%20%20%20%20%7D%0A%20%20%20%20%20%20%20%20%20%20%20%20%7D%0A%20%20%20%20%20%20%20%20%20%20%7D%0A%20%20%20%20%20%20%20%20%7D%0A%20%20%20%20%20%20%7D%0A%20%20%20%20%7D%0A%20%20%7D%0A%7D%0A&operationName=getPipelineDetails&variables=%7B%22projectPath%22%3A%22root%2Fexample%22%2C%22iid%22%3A%221%22%7D HTTP/1.1" 304 0 "http://178.154.252.33/root/example/-/pipelines/1" "Mozilla/5.0 (Windows NT 10.0; Win64; x64) AppleWebKit/537.36 (KHTML, like Gecko) Chrome/91.0.4472.114 Safari/537.36" -
94.233.249.178 - - [30/Jun/2021:16:58:17 +0000] "GET /root/example/-/pipelines?scope=all&page=1 HTTP/1.1" 200 26525 "http://178.154.252.33/root/example" "Mozilla/5.0 (Windows NT 10.0; Win64; x64) AppleWebKit/537.36 (KHTML, like Gecko) Chrome/91.0.4472.114 Safari/537.36" 4.52
94.233.249.178 - - [30/Jun/2021:16:58:17 +0000] "GET /root/example/-/pipelines.json HTTP/1.1" 200 1255 "http://178.154.252.33/root/example/-/pipelines" "Mozilla/5.0 (Windows NT 10.0; Win64; x64) AppleWebKit/537.36 (KHTML, like Gecko) Chrome/91.0.4472.114 Safari/537.36" 6.12
127.0.0.1 - - [30/Jun/2021:16:58:45 +0000] "GET /help HTTP/1.1" 200 83235 "" "curl/7.74.0-DEV" -
94.233.249.178 - - [30/Jun/2021:16:59:24 +0000] "GET /root/example/-/pipelines.json?scope=all&page=1 HTTP/1.1" 304 0 "http://178.154.252.33/root/example/-/pipelines" "Mozilla/5.0 (Windows NT 10.0; Win64; x64) AppleWebKit/537.36 (KHTML, like Gecko) Chrome/91.0.4472.114 Safari/537.36" -
94.233.249.178 - - [30/Jun/2021:16:59:29 +0000] "GET /root/example/-/pipelines.json?scope=finished&page=1 HTTP/1.1" 304 0 "http://178.154.252.33/root/example/-/pipelines" "Mozilla/5.0 (Windows NT 10.0; Win64; x64) AppleWebKit/537.36 (KHTML, like Gecko) Chrome/91.0.4472.114 Safari/537.36" -
94.233.249.178 - - [30/Jun/2021:16:59:30 +0000] "GET /root/example/-/pipelines.json?scope=all&page=1 HTTP/1.1" 304 0 "http://178.154.252.33/root/example/-/pipelines" "Mozilla/5.0 (Windows NT 10.0; Win64; x64) AppleWebKit/537.36 (KHTML, like Gecko) Chrome/91.0.4472.114 Safari/537.36" -
94.233.249.178 - - [30/Jun/2021:16:59:39 +0000] "GET /root/example/-/pipelines/charts HTTP/1.1" 200 23123 "http://178.154.252.33/root/example/-/pipelines" "Mozilla/5.0 (Windows NT 10.0; Win64; x64) AppleWebKit/537.36 (KHTML, like Gecko) Chrome/91.0.4472.114 Safari/537.36" 4.80
94.233.249.178 - - [30/Jun/2021:16:59:40 +0000] "GET /assets/webpack/commons-pages.admin.clusters.show-pages.admin.usage_trends-pages.groups.clusters.show-pages.projects-a4c4d2e5.0fe806ca.chunk.js HTTP/1.1" 200 6905 "http://178.154.252.33/root/example/-/pipelines/charts" "Mozilla/5.0 (Windows NT 10.0; Win64; x64) AppleWebKit/537.36 (KHTML, like Gecko) Chrome/91.0.4472.114 Safari/537.36" -
94.233.249.178 - - [30/Jun/2021:16:59:40 +0000] "GET /assets/webpack/commons-pages.projects.graphs.show-pages.projects.pipelines.charts.3cd44217.chunk.js HTTP/1.1" 200 7975 "http://178.154.252.33/root/example/-/pipelines/charts" "Mozilla/5.0 (Windows NT 10.0; Win64; x64) AppleWebKit/537.36 (KHTML, like Gecko) Chrome/91.0.4472.114 Safari/537.36" -
94.233.249.178 - - [30/Jun/2021:16:59:40 +0000] "GET /assets/webpack/pages.projects.pipelines.charts.602c56c6.chunk.js HTTP/1.1" 200 31506 "http://178.154.252.33/root/example/-/pipelines/charts" "Mozilla/5.0 (Windows NT 10.0; Win64; x64) AppleWebKit/537.36 (KHTML, like Gecko) Chrome/91.0.4472.114 Safari/537.36" -
94.233.249.178 - - [30/Jun/2021:16:59:41 +0000] "GET /assets/webpack/echarts.1899ceb0.chunk.js HTTP/1.1" 200 293123 "http://178.154.252.33/root/example/-/pipelines/charts" "Mozilla/5.0 (Windows NT 10.0; Win64; x64) AppleWebKit/537.36 (KHTML, like Gecko) Chrome/91.0.4472.114 Safari/537.36" -
94.233.249.178 - - [30/Jun/2021:16:59:41 +0000] "POST /api/graphql HTTP/1.1" 200 456 "http://178.154.252.33/root/example/-/pipelines/charts" "Mozilla/5.0 (Windows NT 10.0; Win64; x64) AppleWebKit/537.36 (KHTML, like Gecko) Chrome/91.0.4472.114 Safari/537.36" 3.24
94.233.249.178 - - [30/Jun/2021:16:59:45 +0000] "GET /root/example HTTP/1.1" 200 29991 "http://178.154.252.33/root/example/-/pipelines/charts" "Mozilla/5.0 (Windows NT 10.0; Win64; x64) AppleWebKit/537.36 (KHTML, like Gecko) Chrome/91.0.4472.114 Safari/537.36" 4.69
94.233.249.178 - - [30/Jun/2021:16:59:45 +0000] "GET /root/example/-/refs/gitlab-ci-1/logs_tree/?format=json&offset=0 HTTP/1.1" 200 441 "http://178.154.252.33/root/example" "Mozilla/5.0 (Windows NT 10.0; Win64; x64) AppleWebKit/537.36 (KHTML, like Gecko) Chrome/91.0.4472.114 Safari/537.36" 6.07
127.0.0.1 - - [30/Jun/2021:16:59:45 +0000] "GET /help HTTP/1.1" 200 83236 "" "curl/7.74.0-DEV" -
94.233.249.178 - - [30/Jun/2021:16:59:45 +0000] "POST /api/graphql HTTP/1.1" 200 497 "http://178.154.252.33/root/example" "Mozilla/5.0 (Windows NT 10.0; Win64; x64) AppleWebKit/537.36 (KHTML, like Gecko) Chrome/91.0.4472.114 Safari/537.36" 2.23
94.233.249.178 - - [30/Jun/2021:16:59:45 +0000] "POST /api/graphql HTTP/1.1" 200 711 "http://178.154.252.33/root/example" "Mozilla/5.0 (Windows NT 10.0; Win64; x64) AppleWebKit/537.36 (KHTML, like Gecko) Chrome/91.0.4472.114 Safari/537.36" 3.56
94.233.249.178 - - [30/Jun/2021:16:59:50 +0000] "GET / HTTP/1.1" 200 21104 "http://178.154.252.33/root/example" "Mozilla/5.0 (Windows NT 10.0; Win64; x64) AppleWebKit/537.36 (KHTML, like Gecko) Chrome/91.0.4472.114 Safari/537.36" 4.60
94.233.249.178 - - [30/Jun/2021:17:00:03 +0000] "GET /dashboard/groups HTTP/1.1" 200 18867 "http://178.154.252.33/" "Mozilla/5.0 (Windows NT 10.0; Win64; x64) AppleWebKit/537.36 (KHTML, like Gecko) Chrome/91.0.4472.114 Safari/537.36" 4.53
94.233.249.178 - - [30/Jun/2021:17:00:04 +0000] "GET /dashboard/groups.json HTTP/1.1" 200 409 "http://178.154.252.33/dashboard/groups" "Mozilla/5.0 (Windows NT 10.0; Win64; x64) AppleWebKit/537.36 (KHTML, like Gecko) Chrome/91.0.4472.114 Safari/537.36" 2.91
94.233.249.178 - - [30/Jun/2021:17:00:06 +0000] "GET /example1 HTTP/1.1" 200 25856 "http://178.154.252.33/dashboard/groups" "Mozilla/5.0 (Windows NT 10.0; Win64; x64) AppleWebKit/537.36 (KHTML, like Gecko) Chrome/91.0.4472.114 Safari/537.36" 4.30
94.233.249.178 - - [30/Jun/2021:17:00:06 +0000] "GET /groups/example1/-/children.json HTTP/1.1" 304 0 "http://178.154.252.33/example1" "Mozilla/5.0 (Windows NT 10.0; Win64; x64) AppleWebKit/537.36 (KHTML, like Gecko) Chrome/91.0.4472.114 Safari/537.36" -
94.233.249.178 - - [30/Jun/2021:17:00:10 +0000] "GET /projects/new?namespace_id=5 HTTP/1.1" 200 30266 "http://178.154.252.33/example1" "Mozilla/5.0 (Windows NT 10.0; Win64; x64) AppleWebKit/537.36 (KHTML, like Gecko) Chrome/91.0.4472.114 Safari/537.36" 4.98
94.233.249.178 - - [30/Jun/2021:17:00:15 +0000] "POST /-/projects HTTP/1.1" 302 100 "http://178.154.252.33/projects/new" "Mozilla/5.0 (Windows NT 10.0; Win64; x64) AppleWebKit/537.36 (KHTML, like Gecko) Chrome/91.0.4472.114 Safari/537.36" -
94.233.249.178 - - [30/Jun/2021:17:00:15 +0000] "GET /example1/asd HTTP/1.1" 200 25813 "http://178.154.252.33/projects/new" "Mozilla/5.0 (Windows NT 10.0; Win64; x64) AppleWebKit/537.36 (KHTML, like Gecko) Chrome/91.0.4472.114 Safari/537.36" 4.72
94.233.249.178 - - [30/Jun/2021:17:00:27 +0000] "GET /example1/asd/-/pipelines HTTP/1.1" 200 26080 "http://178.154.252.33/example1/asd" "Mozilla/5.0 (Windows NT 10.0; Win64; x64) AppleWebKit/537.36 (KHTML, like Gecko) Chrome/91.0.4472.114 Safari/537.36" 4.47
94.233.249.178 - - [30/Jun/2021:17:00:27 +0000] "GET /example1/asd/-/pipelines.json HTTP/1.1" 200 36 "http://178.154.252.33/example1/asd/-/pipelines" "Mozilla/5.0 (Windows NT 10.0; Win64; x64) AppleWebKit/537.36 (KHTML, like Gecko) Chrome/91.0.4472.114 Safari/537.36" -
94.233.249.178 - - [30/Jun/2021:17:00:27 +0000] "GET /example1/asd/-/pipelines.json?scope=all&page=1 HTTP/1.1" 200 36 "http://178.154.252.33/example1/asd/-/pipelines" "Mozilla/5.0 (Windows NT 10.0; Win64; x64) AppleWebKit/537.36 (KHTML, like Gecko) Chrome/91.0.4472.114 Safari/537.36" -
94.233.249.178 - - [30/Jun/2021:17:00:31 +0000] "GET /example1/asd/-/pipelines.json?scope=finished&page=1 HTTP/1.1" 200 36 "http://178.154.252.33/example1/asd/-/pipelines" "Mozilla/5.0 (Windows NT 10.0; Win64; x64) AppleWebKit/537.36 (KHTML, like Gecko) Chrome/91.0.4472.114 Safari/537.36" -
94.233.249.178 - - [30/Jun/2021:17:00:31 +0000] "GET /example1/asd/-/pipelines.json?scope=branches&page=1 HTTP/1.1" 200 36 "http://178.154.252.33/example1/asd/-/pipelines" "Mozilla/5.0 (Windows NT 10.0; Win64; x64) AppleWebKit/537.36 (KHTML, like Gecko) Chrome/91.0.4472.114 Safari/537.36" -
94.233.249.178 - - [30/Jun/2021:17:00:32 +0000] "GET /example1/asd/-/pipelines.json?scope=tags&page=1 HTTP/1.1" 200 36 "http://178.154.252.33/example1/asd/-/pipelines" "Mozilla/5.0 (Windows NT 10.0; Win64; x64) AppleWebKit/537.36 (KHTML, like Gecko) Chrome/91.0.4472.114 Safari/537.36" -
94.233.249.178 - - [30/Jun/2021:17:00:42 +0000] "GET /example1/asd/-/pipelines.json?scope=tags&page=1 HTTP/1.1" 304 0 "http://178.154.252.33/example1/asd/-/pipelines" "Mozilla/5.0 (Windows NT 10.0; Win64; x64) AppleWebKit/537.36 (KHTML, like Gecko) Chrome/91.0.4472.114 Safari/537.36" -
127.0.0.1 - - [30/Jun/2021:17:00:45 +0000] "GET /help HTTP/1.1" 200 83228 "" "curl/7.74.0-DEV" -
94.233.249.178 - - [30/Jun/2021:17:00:52 +0000] "GET /example1/asd/-/pipelines.json?scope=tags&page=1 HTTP/1.1" 304 0 "http://178.154.252.33/example1/asd/-/pipelines" "Mozilla/5.0 (Windows NT 10.0; Win64; x64) AppleWebKit/537.36 (KHTML, like Gecko) Chrome/91.0.4472.114 Safari/537.36" -
94.233.249.178 - - [30/Jun/2021:17:01:02 +0000] "GET /example1/asd/-/pipelines.json?scope=tags&page=1 HTTP/1.1" 304 0 "http://178.154.252.33/example1/asd/-/pipelines" "Mozilla/5.0 (Windows NT 10.0; Win64; x64) AppleWebKit/537.36 (KHTML, like Gecko) Chrome/91.0.4472.114 Safari/537.36" -
94.233.249.178 - - [30/Jun/2021:17:01:12 +0000] "GET /example1/asd/-/pipelines.json?scope=tags&page=1 HTTP/1.1" 304 0 "http://178.154.252.33/example1/asd/-/pipelines" "Mozilla/5.0 (Windows NT 10.0; Win64; x64) AppleWebKit/537.36 (KHTML, like Gecko) Chrome/91.0.4472.114 Safari/537.36" -
94.233.249.178 - - [30/Jun/2021:17:01:22 +0000] "GET /example1/asd/-/pipelines.json?scope=tags&page=1 HTTP/1.1" 304 0 "http://178.154.252.33/example1/asd/-/pipelines" "Mozilla/5.0 (Windows NT 10.0; Win64; x64) AppleWebKit/537.36 (KHTML, like Gecko) Chrome/91.0.4472.114 Safari/537.36" -
94.233.249.178 - - [30/Jun/2021:17:01:32 +0000] "GET /example1/asd/-/pipelines.json?scope=tags&page=1 HTTP/1.1" 304 0 "http://178.154.252.33/example1/asd/-/pipelines" "Mozilla/5.0 (Windows NT 10.0; Win64; x64) AppleWebKit/537.36 (KHTML, like Gecko) Chrome/91.0.4472.114 Safari/537.36" -
94.233.249.178 - - [30/Jun/2021:17:01:42 +0000] "GET /example1/asd/-/pipelines.json?scope=tags&page=1 HTTP/1.1" 304 0 "http://178.154.252.33/example1/asd/-/pipelines" "Mozilla/5.0 (Windows NT 10.0; Win64; x64) AppleWebKit/537.36 (KHTML, like Gecko) Chrome/91.0.4472.114 Safari/537.36" -
127.0.0.1 - - [30/Jun/2021:17:01:46 +0000] "GET /help HTTP/1.1" 200 83235 "" "curl/7.74.0-DEV" -
94.233.249.178 - - [30/Jun/2021:17:01:53 +0000] "GET /example1/asd/-/pipelines.json?scope=tags&page=1 HTTP/1.1" 304 0 "http://178.154.252.33/example1/asd/-/pipelines" "Mozilla/5.0 (Windows NT 10.0; Win64; x64) AppleWebKit/537.36 (KHTML, like Gecko) Chrome/91.0.4472.114 Safari/537.36" -
94.233.249.178 - - [30/Jun/2021:17:02:03 +0000] "GET /example1/asd/-/pipelines.json?scope=tags&page=1 HTTP/1.1" 304 0 "http://178.154.252.33/example1/asd/-/pipelines" "Mozilla/5.0 (Windows NT 10.0; Win64; x64) AppleWebKit/537.36 (KHTML, like Gecko) Chrome/91.0.4472.114 Safari/537.36" -
127.0.0.1 - - [30/Jun/2021:17:02:46 +0000] "GET /help HTTP/1.1" 200 83248 "" "curl/7.74.0-DEV" -
94.233.249.178 - - [30/Jun/2021:17:02:58 +0000] "GET /example1/asd/-/pipelines.json?scope=tags&page=1 HTTP/1.1" 304 0 "http://178.154.252.33/example1/asd/-/pipelines" "Mozilla/5.0 (Windows NT 10.0; Win64; x64) AppleWebKit/537.36 (KHTML, like Gecko) Chrome/91.0.4472.114 Safari/537.36" -
94.233.249.178 - - [30/Jun/2021:17:03:02 +0000] "GET /example1/asd/-/pipelines.json?scope=tags&page=1 HTTP/1.1" 304 0 "http://178.154.252.33/example1/asd/-/pipelines" "Mozilla/5.0 (Windows NT 10.0; Win64; x64) AppleWebKit/537.36 (KHTML, like Gecko) Chrome/91.0.4472.114 Safari/537.36" -
94.233.249.178 - - [30/Jun/2021:17:03:03 +0000] "GET /example1/asd/-/pipelines.json?scope=branches&page=1 HTTP/1.1" 304 0 "http://178.154.252.33/example1/asd/-/pipelines" "Mozilla/5.0 (Windows NT 10.0; Win64; x64) AppleWebKit/537.36 (KHTML, like Gecko) Chrome/91.0.4472.114 Safari/537.36" -
94.233.249.178 - - [30/Jun/2021:17:03:06 +0000] "GET /example1/asd/-/pipelines.json?scope=finished&page=1 HTTP/1.1" 304 0 "http://178.154.252.33/example1/asd/-/pipelines" "Mozilla/5.0 (Windows NT 10.0; Win64; x64) AppleWebKit/537.36 (KHTML, like Gecko) Chrome/91.0.4472.114 Safari/537.36" -
94.233.249.178 - - [30/Jun/2021:17:03:07 +0000] "GET /example1/asd/-/pipelines.json?scope=all&page=1 HTTP/1.1" 304 0 "http://178.154.252.33/example1/asd/-/pipelines" "Mozilla/5.0 (Windows NT 10.0; Win64; x64) AppleWebKit/537.36 (KHTML, like Gecko) Chrome/91.0.4472.114 Safari/537.36" -
94.233.249.178 - - [30/Jun/2021:17:03:08 +0000] "GET /example1/asd HTTP/1.1" 200 25671 "http://178.154.252.33/example1/asd/-/pipelines" "Mozilla/5.0 (Windows NT 10.0; Win64; x64) AppleWebKit/537.36 (KHTML, like Gecko) Chrome/91.0.4472.114 Safari/537.36" 4.72
94.233.249.178 - - [30/Jun/2021:17:03:26 +0000] "GET /example1/asd/-/pipelines HTTP/1.1" 200 26074 "http://178.154.252.33/example1/asd" "Mozilla/5.0 (Windows NT 10.0; Win64; x64) AppleWebKit/537.36 (KHTML, like Gecko) Chrome/91.0.4472.114 Safari/537.36" 4.47
94.233.249.178 - - [30/Jun/2021:17:03:26 +0000] "GET /example1/asd/-/pipelines.json HTTP/1.1" 200 36 "http://178.154.252.33/example1/asd/-/pipelines" "Mozilla/5.0 (Windows NT 10.0; Win64; x64) AppleWebKit/537.36 (KHTML, like Gecko) Chrome/91.0.4472.114 Safari/537.36" -
94.233.249.178 - - [30/Jun/2021:17:03:26 +0000] "GET /example1/asd/-/pipelines.json?scope=all&page=1 HTTP/1.1" 304 0 "http://178.154.252.33/example1/asd/-/pipelines" "Mozilla/5.0 (Windows NT 10.0; Win64; x64) AppleWebKit/537.36 (KHTML, like Gecko) Chrome/91.0.4472.114 Safari/537.36" -
94.233.249.178 - - [30/Jun/2021:17:03:35 +0000] "GET /example1/asd/-/pipelines HTTP/1.1" 200 26082 "http://178.154.252.33/example1/asd/-/pipelines" "Mozilla/5.0 (Windows NT 10.0; Win64; x64) AppleWebKit/537.36 (KHTML, like Gecko) Chrome/91.0.4472.114 Safari/537.36" 4.47
94.233.249.178 - - [30/Jun/2021:17:03:35 +0000] "GET /example1/asd/-/pipelines.json HTTP/1.1" 200 36 "http://178.154.252.33/example1/asd/-/pipelines" "Mozilla/5.0 (Windows NT 10.0; Win64; x64) AppleWebKit/537.36 (KHTML, like Gecko) Chrome/91.0.4472.114 Safari/537.36" -
94.233.249.178 - - [30/Jun/2021:17:03:35 +0000] "GET /example1/asd/-/pipelines.json?scope=all&page=1 HTTP/1.1" 304 0 "http://178.154.252.33/example1/asd/-/pipelines" "Mozilla/5.0 (Windows NT 10.0; Win64; x64) AppleWebKit/537.36 (KHTML, like Gecko) Chrome/91.0.4472.114 Safari/537.36" -
94.233.249.178 - - [30/Jun/2021:17:03:37 +0000] "GET /example1/asd HTTP/1.1" 200 25673 "http://178.154.252.33/example1/asd/-/pipelines" "Mozilla/5.0 (Windows NT 10.0; Win64; x64) AppleWebKit/537.36 (KHTML, like Gecko) Chrome/91.0.4472.114 Safari/537.36" 4.72
94.233.249.178 - - [30/Jun/2021:17:03:39 +0000] "GET / HTTP/1.1" 200 21284 "http://178.154.252.33/example1/asd" "Mozilla/5.0 (Windows NT 10.0; Win64; x64) AppleWebKit/537.36 (KHTML, like Gecko) Chrome/91.0.4472.114 Safari/537.36" 4.71
94.233.249.178 - - [30/Jun/2021:17:03:44 +0000] "GET /root/example HTTP/1.1" 200 29992 "http://178.154.252.33/" "Mozilla/5.0 (Windows NT 10.0; Win64; x64) AppleWebKit/537.36 (KHTML, like Gecko) Chrome/91.0.4472.114 Safari/537.36" 4.68
94.233.249.178 - - [30/Jun/2021:17:03:44 +0000] "GET /root/example/-/refs/gitlab-ci-1/logs_tree/?format=json&offset=0 HTTP/1.1" 200 441 "http://178.154.252.33/root/example" "Mozilla/5.0 (Windows NT 10.0; Win64; x64) AppleWebKit/537.36 (KHTML, like Gecko) Chrome/91.0.4472.114 Safari/537.36" 6.07
94.233.249.178 - - [30/Jun/2021:17:03:44 +0000] "POST /api/graphql HTTP/1.1" 200 497 "http://178.154.252.33/root/example" "Mozilla/5.0 (Windows NT 10.0; Win64; x64) AppleWebKit/537.36 (KHTML, like Gecko) Chrome/91.0.4472.114 Safari/537.36" 2.23
94.233.249.178 - - [30/Jun/2021:17:03:45 +0000] "POST /api/graphql HTTP/1.1" 200 711 "http://178.154.252.33/root/example" "Mozilla/5.0 (Windows NT 10.0; Win64; x64) AppleWebKit/537.36 (KHTML, like Gecko) Chrome/91.0.4472.114 Safari/537.36" 3.56
127.0.0.1 - - [30/Jun/2021:17:03:46 +0000] "GET /help HTTP/1.1" 200 83235 "" "curl/7.74.0-DEV" -
94.233.249.178 - - [30/Jun/2021:17:03:52 +0000] "GET /root/example/-/pipelines HTTP/1.1" 200 26498 "http://178.154.252.33/root/example" "Mozilla/5.0 (Windows NT 10.0; Win64; x64) AppleWebKit/537.36 (KHTML, like Gecko) Chrome/91.0.4472.114 Safari/537.36" 4.52
94.233.249.178 - - [30/Jun/2021:17:03:52 +0000] "GET /root/example/-/pipelines.json HTTP/1.1" 200 1255 "http://178.154.252.33/root/example/-/pipelines" "Mozilla/5.0 (Windows NT 10.0; Win64; x64) AppleWebKit/537.36 (KHTML, like Gecko) Chrome/91.0.4472.114 Safari/537.36" 6.12
94.233.249.178 - - [30/Jun/2021:17:03:52 +0000] "GET /root/example/-/pipelines.json?scope=all&page=1 HTTP/1.1" 304 0 "http://178.154.252.33/root/example/-/pipelines" "Mozilla/5.0 (Windows NT 10.0; Win64; x64) AppleWebKit/537.36 (KHTML, like Gecko) Chrome/91.0.4472.114 Safari/537.36" -
94.233.249.178 - - [30/Jun/2021:17:04:00 +0000] "GET /root/example/-/pipelines.json?scope=all&page=1 HTTP/1.1" 304 0 "http://178.154.252.33/root/example/-/pipelines" "Mozilla/5.0 (Windows NT 10.0; Win64; x64) AppleWebKit/537.36 (KHTML, like Gecko) Chrome/91.0.4472.114 Safari/537.36" -
127.0.0.1 - - [30/Jun/2021:17:04:46 +0000] "GET /help HTTP/1.1" 200 83235 "" "curl/7.74.0-DEV" -
94.233.249.178 - - [30/Jun/2021:17:04:55 +0000] "GET /root/example/-/pipelines.json?scope=all&page=1 HTTP/1.1" 304 0 "http://178.154.252.33/root/example/-/pipelines" "Mozilla/5.0 (Windows NT 10.0; Win64; x64) AppleWebKit/537.36 (KHTML, like Gecko) Chrome/91.0.4472.114 Safari/537.36" -
94.233.249.178 - - [30/Jun/2021:17:04:58 +0000] "GET /root/example/-/pipelines.json?scope=all&page=1 HTTP/1.1" 304 0 "http://178.154.252.33/root/example/-/pipelines" "Mozilla/5.0 (Windows NT 10.0; Win64; x64) AppleWebKit/537.36 (KHTML, like Gecko) Chrome/91.0.4472.114 Safari/537.36" -
94.233.249.178 - - [30/Jun/2021:17:04:59 +0000] "GET /root/example/-/pipelines.json?scope=all&page=1 HTTP/1.1" 304 0 "http://178.154.252.33/root/example/-/pipelines" "Mozilla/5.0 (Windows NT 10.0; Win64; x64) AppleWebKit/537.36 (KHTML, like Gecko) Chrome/91.0.4472.114 Safari/537.36" -
94.233.249.178 - - [30/Jun/2021:17:05:02 +0000] "GET /root/example/-/pipelines.json?scope=all&page=1 HTTP/1.1" 304 0 "http://178.154.252.33/root/example/-/pipelines" "Mozilla/5.0 (Windows NT 10.0; Win64; x64) AppleWebKit/537.36 (KHTML, like Gecko) Chrome/91.0.4472.114 Safari/537.36" -
94.233.249.178 - - [30/Jun/2021:17:05:45 +0000] "GET /root/example/-/pipelines.json?scope=all&page=1 HTTP/1.1" 304 0 "http://178.154.252.33/root/example/-/pipelines" "Mozilla/5.0 (Windows NT 10.0; Win64; x64) AppleWebKit/537.36 (KHTML, like Gecko) Chrome/91.0.4472.114 Safari/537.36" -
127.0.0.1 - - [30/Jun/2021:17:05:46 +0000] "GET /help HTTP/1.1" 200 83235 "" "curl/7.74.0-DEV" -
94.233.249.178 - - [30/Jun/2021:17:05:56 +0000] "GET /root/example/-/pipelines.json?scope=all&page=1 HTTP/1.1" 304 0 "http://178.154.252.33/root/example/-/pipelines" "Mozilla/5.0 (Windows NT 10.0; Win64; x64) AppleWebKit/537.36 (KHTML, like Gecko) Chrome/91.0.4472.114 Safari/537.36" -
94.233.249.178 - - [30/Jun/2021:17:05:59 +0000] "GET /root/example/edit HTTP/1.1" 200 30683 "http://178.154.252.33/root/example/-/pipelines" "Mozilla/5.0 (Windows NT 10.0; Win64; x64) AppleWebKit/537.36 (KHTML, like Gecko) Chrome/91.0.4472.114 Safari/537.36" 4.50
94.233.249.178 - - [30/Jun/2021:17:06:00 +0000] "GET /assets/webpack/commons-pages.groups.edit-pages.groups.settings.badges-pages.projects.edit.6db82b14.chunk.js HTTP/1.1" 200 19066 "http://178.154.252.33/root/example/edit" "Mozilla/5.0 (Windows NT 10.0; Win64; x64) AppleWebKit/537.36 (KHTML, like Gecko) Chrome/91.0.4472.114 Safari/537.36" -
94.233.249.178 - - [30/Jun/2021:17:06:00 +0000] "GET /assets/webpack/commons-pages.projects.edit-pages.projects.shared.permissions.39126acc.chunk.js HTTP/1.1" 200 11749 "http://178.154.252.33/root/example/edit" "Mozilla/5.0 (Windows NT 10.0; Win64; x64) AppleWebKit/537.36 (KHTML, like Gecko) Chrome/91.0.4472.114 Safari/537.36" -
94.233.249.178 - - [30/Jun/2021:17:06:00 +0000] "GET /assets/webpack/pages.projects.edit.f250bdc4.chunk.js HTTP/1.1" 200 7502 "http://178.154.252.33/root/example/edit" "Mozilla/5.0 (Windows NT 10.0; Win64; x64) AppleWebKit/537.36 (KHTML, like Gecko) Chrome/91.0.4472.114 Safari/537.36" -
94.233.249.178 - - [30/Jun/2021:17:06:01 +0000] "GET /api/v4/projects/3/badges HTTP/1.1" 200 2 "http://178.154.252.33/root/example/edit" "Mozilla/5.0 (Windows NT 10.0; Win64; x64) AppleWebKit/537.36 (KHTML, like Gecko) Chrome/91.0.4472.114 Safari/537.36" -
94.233.249.178 - - [30/Jun/2021:17:06:24 +0000] "GET /root/example/-/settings/ci_cd HTTP/1.1" 200 33261 "http://178.154.252.33/root/example/edit" "Mozilla/5.0 (Windows NT 10.0; Win64; x64) AppleWebKit/537.36 (KHTML, like Gecko) Chrome/91.0.4472.114 Safari/537.36" 4.87
94.233.249.178 - - [30/Jun/2021:17:06:24 +0000] "GET /assets/webpack/commons-pages.admin.application_settings-pages.admin.application_settings.general-pages.admin.applic-b1d94381.c9b0f1bd.chunk.js HTTP/1.1" 200 29937 "http://178.154.252.33/root/example/-/settings/ci_cd" "Mozilla/5.0 (Windows NT 10.0; Win64; x64) AppleWebKit/537.36 (KHTML, like Gecko) Chrome/91.0.4472.114 Safari/537.36" -
94.233.249.178 - - [30/Jun/2021:17:06:24 +0000] "GET /assets/webpack/commons-pages.groups.registry.repositories-pages.projects.registry.repositories-pages.projects.setti-5431d904.887c5c43.chunk.js HTTP/1.1" 200 20774 "http://178.154.252.33/root/example/-/settings/ci_cd" "Mozilla/5.0 (Windows NT 10.0; Win64; x64) AppleWebKit/537.36 (KHTML, like Gecko) Chrome/91.0.4472.114 Safari/537.36" -
94.233.249.178 - - [30/Jun/2021:17:06:24 +0000] "GET /assets/webpack/commons-pages.admin.runners.index-pages.groups.settings.ci_cd.show-pages.projects.settings.ci_cd.show.419bce8c.chunk.js HTTP/1.1" 200 19640 "http://178.154.252.33/root/example/-/settings/ci_cd" "Mozilla/5.0 (Windows NT 10.0; Win64; x64) AppleWebKit/537.36 (KHTML, like Gecko) Chrome/91.0.4472.114 Safari/537.36" -
94.233.249.178 - - [30/Jun/2021:17:06:24 +0000] "GET /assets/webpack/commons-pages.projects.settings.ci_cd.show-pages.projects.settings.packages_and_registries.show.8431267b.chunk.js HTTP/1.1" 200 11773 "http://178.154.252.33/root/example/-/settings/ci_cd" "Mozilla/5.0 (Windows NT 10.0; Win64; x64) AppleWebKit/537.36 (KHTML, like Gecko) Chrome/91.0.4472.114 Safari/537.36" -
94.233.249.178 - - [30/Jun/2021:17:06:24 +0000] "GET /assets/webpack/pages.projects.settings.ci_cd.show.323aef19.chunk.js HTTP/1.1" 200 13458 "http://178.154.252.33/root/example/-/settings/ci_cd" "Mozilla/5.0 (Windows NT 10.0; Win64; x64) AppleWebKit/537.36 (KHTML, like Gecko) Chrome/91.0.4472.114 Safari/537.36" -
94.233.249.178 - - [30/Jun/2021:17:06:24 +0000] "GET /root/example/badges/gitlab-ci-1/pipeline.svg HTTP/1.1" 200 952 "http://178.154.252.33/root/example/-/settings/ci_cd" "Mozilla/5.0 (Windows NT 10.0; Win64; x64) AppleWebKit/537.36 (KHTML, like Gecko) Chrome/91.0.4472.114 Safari/537.36" -
94.233.249.178 - - [30/Jun/2021:17:06:24 +0000] "GET /root/example/badges/gitlab-ci-1/coverage.svg HTTP/1.1" 200 950 "http://178.154.252.33/root/example/-/settings/ci_cd" "Mozilla/5.0 (Windows NT 10.0; Win64; x64) AppleWebKit/537.36 (KHTML, like Gecko) Chrome/91.0.4472.114 Safari/537.36" -
94.233.249.178 - - [30/Jun/2021:17:06:25 +0000] "GET /root/example/-/variables HTTP/1.1" 200 16 "http://178.154.252.33/root/example/-/settings/ci_cd" "Mozilla/5.0 (Windows NT 10.0; Win64; x64) AppleWebKit/537.36 (KHTML, like Gecko) Chrome/91.0.4472.114 Safari/537.36" -
94.233.249.178 - - [30/Jun/2021:17:06:25 +0000] "GET /api/v4/projects/3/environments HTTP/1.1" 200 2 "http://178.154.252.33/root/example/-/settings/ci_cd" "Mozilla/5.0 (Windows NT 10.0; Win64; x64) AppleWebKit/537.36 (KHTML, like Gecko) Chrome/91.0.4472.114 Safari/537.36" -
94.233.249.178 - - [30/Jun/2021:17:06:25 +0000] "POST /api/graphql HTTP/1.1" 200 124 "http://178.154.252.33/root/example/-/settings/ci_cd" "Mozilla/5.0 (Windows NT 10.0; Win64; x64) AppleWebKit/537.36 (KHTML, like Gecko) Chrome/91.0.4472.114 Safari/537.36" -
94.233.249.178 - - [30/Jun/2021:17:06:25 +0000] "GET /api/v4/projects/3/freeze_periods HTTP/1.1" 200 2 "http://178.154.252.33/root/example/-/settings/ci_cd" "Mozilla/5.0 (Windows NT 10.0; Win64; x64) AppleWebKit/537.36 (KHTML, like Gecko) Chrome/91.0.4472.114 Safari/537.36" -
127.0.0.1 - - [30/Jun/2021:17:06:47 +0000] "GET /help HTTP/1.1" 200 83235 "" "curl/7.74.0-DEV" -
94.233.249.178 - - [30/Jun/2021:17:06:50 +0000] "GET / HTTP/1.1" 200 21280 "http://178.154.252.33/root/example/-/settings/ci_cd" "Mozilla/5.0 (Windows NT 10.0; Win64; x64) AppleWebKit/537.36 (KHTML, like Gecko) Chrome/91.0.4472.114 Safari/537.36" 4.71
127.0.0.1 - - [30/Jun/2021:17:07:47 +0000] "GET /help HTTP/1.1" 200 83235 "" "curl/7.74.0-DEV" -
127.0.0.1 - - [30/Jun/2021:17:08:47 +0000] "GET /help HTTP/1.1" 200 83235 "" "curl/7.74.0-DEV" -
127.0.0.1 - - [30/Jun/2021:17:09:47 +0000] "GET /help HTTP/1.1" 200 83228 "" "curl/7.74.0-DEV" -
127.0.0.1 - - [30/Jun/2021:17:10:51 +0000] "GET /help HTTP/1.1" 200 83235 "" "curl/7.74.0-DEV" -
127.0.0.1 - - [30/Jun/2021:17:12:01 +0000] "GET /help HTTP/1.1" 200 83235 "" "curl/7.74.0-DEV" -
127.0.0.1 - - [30/Jun/2021:17:13:09 +0000] "GET /help HTTP/1.1" 200 83235 "" "curl/7.74.0-DEV" -
127.0.0.1 - - [30/Jun/2021:17:14:15 +0000] "GET /help HTTP/1.1" 200 83235 "" "curl/7.74.0-DEV" -
172.17.0.1 - - [30/Jun/2021:17:14:44 +0000] "POST /api/v4/runners HTTP/1.1" 201 39 "" "gitlab-runner 14.0.1 (refs/pipelines/326100216; go1.13.8; linux/amd64)" -
172.17.0.1 - - [30/Jun/2021:17:14:50 +0000] "POST /api/v4/jobs/request HTTP/1.1" 204 0 "" "gitlab-runner 14.0.1 (refs/pipelines/326100216; go1.13.8; linux/amd64)" -
172.17.0.1 - - [30/Jun/2021:17:14:52 +0000] "POST /api/v4/jobs/request HTTP/1.1" 204 0 "" "gitlab-runner 14.0.1 (refs/pipelines/326100216; go1.13.8; linux/amd64)" -
172.17.0.1 - - [30/Jun/2021:17:14:55 +0000] "POST /api/v4/jobs/request HTTP/1.1" 204 0 "" "gitlab-runner 14.0.1 (refs/pipelines/326100216; go1.13.8; linux/amd64)" -
172.17.0.1 - - [30/Jun/2021:17:14:58 +0000] "POST /api/v4/jobs/request HTTP/1.1" 204 0 "" "gitlab-runner 14.0.1 (refs/pipelines/326100216; go1.13.8; linux/amd64)" -
94.233.249.178 - - [30/Jun/2021:17:15:00 +0000] "GET /root/example HTTP/1.1" 200 29999 "http://178.154.252.33/" "Mozilla/5.0 (Windows NT 10.0; Win64; x64) AppleWebKit/537.36 (KHTML, like Gecko) Chrome/91.0.4472.114 Safari/537.36" 4.68
172.17.0.1 - - [30/Jun/2021:17:15:01 +0000] "POST /api/v4/jobs/request HTTP/1.1" 204 0 "" "gitlab-runner 14.0.1 (refs/pipelines/326100216; go1.13.8; linux/amd64)" -
94.233.249.178 - - [30/Jun/2021:17:15:01 +0000] "GET /root/example/-/refs/gitlab-ci-1/logs_tree/?format=json&offset=0 HTTP/1.1" 200 441 "http://178.154.252.33/root/example" "Mozilla/5.0 (Windows NT 10.0; Win64; x64) AppleWebKit/537.36 (KHTML, like Gecko) Chrome/91.0.4472.114 Safari/537.36" 6.07
94.233.249.178 - - [30/Jun/2021:17:15:01 +0000] "POST /api/graphql HTTP/1.1" 200 497 "http://178.154.252.33/root/example" "Mozilla/5.0 (Windows NT 10.0; Win64; x64) AppleWebKit/537.36 (KHTML, like Gecko) Chrome/91.0.4472.114 Safari/537.36" 2.23
94.233.249.178 - - [30/Jun/2021:17:15:02 +0000] "POST /api/graphql HTTP/1.1" 200 711 "http://178.154.252.33/root/example" "Mozilla/5.0 (Windows NT 10.0; Win64; x64) AppleWebKit/537.36 (KHTML, like Gecko) Chrome/91.0.4472.114 Safari/537.36" 3.56
172.17.0.1 - - [30/Jun/2021:17:15:04 +0000] "POST /api/v4/jobs/request HTTP/1.1" 204 0 "" "gitlab-runner 14.0.1 (refs/pipelines/326100216; go1.13.8; linux/amd64)" -
94.233.249.178 - - [30/Jun/2021:17:15:05 +0000] "GET /root/example/-/pipelines HTTP/1.1" 200 26489 "http://178.154.252.33/root/example" "Mozilla/5.0 (Windows NT 10.0; Win64; x64) AppleWebKit/537.36 (KHTML, like Gecko) Chrome/91.0.4472.114 Safari/537.36" 4.52
94.233.249.178 - - [30/Jun/2021:17:15:05 +0000] "GET /root/example/-/pipelines.json?scope=all&page=1 HTTP/1.1" 304 0 "http://178.154.252.33/root/example/-/pipelines" "Mozilla/5.0 (Windows NT 10.0; Win64; x64) AppleWebKit/537.36 (KHTML, like Gecko) Chrome/91.0.4472.114 Safari/537.36" -
94.233.249.178 - - [30/Jun/2021:17:15:05 +0000] "GET /root/example/-/pipelines.json HTTP/1.1" 200 1255 "http://178.154.252.33/root/example/-/pipelines" "Mozilla/5.0 (Windows NT 10.0; Win64; x64) AppleWebKit/537.36 (KHTML, like Gecko) Chrome/91.0.4472.114 Safari/537.36" 6.12
172.17.0.1 - - [30/Jun/2021:17:15:07 +0000] "POST /api/v4/jobs/request HTTP/1.1" 204 0 "" "gitlab-runner 14.0.1 (refs/pipelines/326100216; go1.13.8; linux/amd64)" -
172.17.0.1 - - [30/Jun/2021:17:15:10 +0000] "POST /api/v4/jobs/request HTTP/1.1" 204 0 "" "gitlab-runner 14.0.1 (refs/pipelines/326100216; go1.13.8; linux/amd64)" -
94.233.249.178 - - [30/Jun/2021:17:15:11 +0000] "GET /root/example/-/settings/ci_cd HTTP/1.1" 200 33767 "http://178.154.252.33/root/example/-/pipelines" "Mozilla/5.0 (Windows NT 10.0; Win64; x64) AppleWebKit/537.36 (KHTML, like Gecko) Chrome/91.0.4472.114 Safari/537.36" 4.86
94.233.249.178 - - [30/Jun/2021:17:15:12 +0000] "GET /root/example/badges/gitlab-ci-1/pipeline.svg HTTP/1.1" 200 952 "http://178.154.252.33/root/example/-/settings/ci_cd" "Mozilla/5.0 (Windows NT 10.0; Win64; x64) AppleWebKit/537.36 (KHTML, like Gecko) Chrome/91.0.4472.114 Safari/537.36" -
94.233.249.178 - - [30/Jun/2021:17:15:12 +0000] "GET /root/example/badges/gitlab-ci-1/coverage.svg HTTP/1.1" 200 950 "http://178.154.252.33/root/example/-/settings/ci_cd" "Mozilla/5.0 (Windows NT 10.0; Win64; x64) AppleWebKit/537.36 (KHTML, like Gecko) Chrome/91.0.4472.114 Safari/537.36" -
94.233.249.178 - - [30/Jun/2021:17:15:13 +0000] "GET /root/example/-/variables HTTP/1.1" 304 0 "http://178.154.252.33/root/example/-/settings/ci_cd" "Mozilla/5.0 (Windows NT 10.0; Win64; x64) AppleWebKit/537.36 (KHTML, like Gecko) Chrome/91.0.4472.114 Safari/537.36" -
94.233.249.178 - - [30/Jun/2021:17:15:13 +0000] "GET /api/v4/projects/3/environments HTTP/1.1" 304 0 "http://178.154.252.33/root/example/-/settings/ci_cd" "Mozilla/5.0 (Windows NT 10.0; Win64; x64) AppleWebKit/537.36 (KHTML, like Gecko) Chrome/91.0.4472.114 Safari/537.36" -
94.233.249.178 - - [30/Jun/2021:17:15:13 +0000] "GET /api/v4/projects/3/freeze_periods HTTP/1.1" 304 0 "http://178.154.252.33/root/example/-/settings/ci_cd" "Mozilla/5.0 (Windows NT 10.0; Win64; x64) AppleWebKit/537.36 (KHTML, like Gecko) Chrome/91.0.4472.114 Safari/537.36" -
94.233.249.178 - - [30/Jun/2021:17:15:13 +0000] "POST /api/graphql HTTP/1.1" 200 124 "http://178.154.252.33/root/example/-/settings/ci_cd" "Mozilla/5.0 (Windows NT 10.0; Win64; x64) AppleWebKit/537.36 (KHTML, like Gecko) Chrome/91.0.4472.114 Safari/537.36" -
172.17.0.1 - - [30/Jun/2021:17:15:13 +0000] "POST /api/v4/jobs/request HTTP/1.1" 204 0 "" "gitlab-runner 14.0.1 (refs/pipelines/326100216; go1.13.8; linux/amd64)" -
127.0.0.1 - - [30/Jun/2021:17:15:15 +0000] "GET /help HTTP/1.1" 200 83235 "" "curl/7.74.0-DEV" -
172.17.0.1 - - [30/Jun/2021:17:15:16 +0000] "POST /api/v4/jobs/request HTTP/1.1" 204 0 "" "gitlab-runner 14.0.1 (refs/pipelines/326100216; go1.13.8; linux/amd64)" -
172.17.0.1 - - [30/Jun/2021:17:15:19 +0000] "POST /api/v4/jobs/request HTTP/1.1" 204 0 "" "gitlab-runner 14.0.1 (refs/pipelines/326100216; go1.13.8; linux/amd64)" -
172.17.0.1 - - [30/Jun/2021:17:15:22 +0000] "POST /api/v4/jobs/request HTTP/1.1" 204 0 "" "gitlab-runner 14.0.1 (refs/pipelines/326100216; go1.13.8; linux/amd64)" -
172.17.0.1 - - [30/Jun/2021:17:15:25 +0000] "POST /api/v4/jobs/request HTTP/1.1" 204 0 "" "gitlab-runner 14.0.1 (refs/pipelines/326100216; go1.13.8; linux/amd64)" -
172.17.0.1 - - [30/Jun/2021:17:15:28 +0000] "POST /api/v4/jobs/request HTTP/1.1" 204 0 "" "gitlab-runner 14.0.1 (refs/pipelines/326100216; go1.13.8; linux/amd64)" -
172.17.0.1 - - [30/Jun/2021:17:15:31 +0000] "POST /api/v4/jobs/request HTTP/1.1" 204 0 "" "gitlab-runner 14.0.1 (refs/pipelines/326100216; go1.13.8; linux/amd64)" -
172.17.0.1 - - [30/Jun/2021:17:15:34 +0000] "POST /api/v4/jobs/request HTTP/1.1" 204 0 "" "gitlab-runner 14.0.1 (refs/pipelines/326100216; go1.13.8; linux/amd64)" -
172.17.0.1 - - [30/Jun/2021:17:15:37 +0000] "POST /api/v4/jobs/request HTTP/1.1" 204 0 "" "gitlab-runner 14.0.1 (refs/pipelines/326100216; go1.13.8; linux/amd64)" -
172.17.0.1 - - [30/Jun/2021:17:15:40 +0000] "POST /api/v4/jobs/request HTTP/1.1" 204 0 "" "gitlab-runner 14.0.1 (refs/pipelines/326100216; go1.13.8; linux/amd64)" -
172.17.0.1 - - [30/Jun/2021:17:15:43 +0000] "POST /api/v4/jobs/request HTTP/1.1" 204 0 "" "gitlab-runner 14.0.1 (refs/pipelines/326100216; go1.13.8; linux/amd64)" -
172.17.0.1 - - [30/Jun/2021:17:15:46 +0000] "POST /api/v4/jobs/request HTTP/1.1" 204 0 "" "gitlab-runner 14.0.1 (refs/pipelines/326100216; go1.13.8; linux/amd64)" -
172.17.0.1 - - [30/Jun/2021:17:15:49 +0000] "POST /api/v4/jobs/request HTTP/1.1" 204 0 "" "gitlab-runner 14.0.1 (refs/pipelines/326100216; go1.13.8; linux/amd64)" -
172.17.0.1 - - [30/Jun/2021:17:15:52 +0000] "POST /api/v4/jobs/request HTTP/1.1" 204 0 "" "gitlab-runner 14.0.1 (refs/pipelines/326100216; go1.13.8; linux/amd64)" -
94.233.249.178 - - [30/Jun/2021:17:15:52 +0000] "GET /root/example/-/pipelines HTTP/1.1" 200 26487 "http://178.154.252.33/root/example/-/settings/ci_cd" "Mozilla/5.0 (Windows NT 10.0; Win64; x64) AppleWebKit/537.36 (KHTML, like Gecko) Chrome/91.0.4472.114 Safari/537.36" 4.52
94.233.249.178 - - [30/Jun/2021:17:15:53 +0000] "GET /root/example/-/pipelines.json HTTP/1.1" 200 1255 "http://178.154.252.33/root/example/-/pipelines" "Mozilla/5.0 (Windows NT 10.0; Win64; x64) AppleWebKit/537.36 (KHTML, like Gecko) Chrome/91.0.4472.114 Safari/537.36" 6.12
94.233.249.178 - - [30/Jun/2021:17:15:53 +0000] "GET /root/example/-/pipelines.json?scope=all&page=1 HTTP/1.1" 304 0 "http://178.154.252.33/root/example/-/pipelines" "Mozilla/5.0 (Windows NT 10.0; Win64; x64) AppleWebKit/537.36 (KHTML, like Gecko) Chrome/91.0.4472.114 Safari/537.36" -
172.17.0.1 - - [30/Jun/2021:17:15:55 +0000] "POST /api/v4/jobs/request HTTP/1.1" 204 0 "" "gitlab-runner 14.0.1 (refs/pipelines/326100216; go1.13.8; linux/amd64)" -
94.233.249.178 - - [30/Jun/2021:17:15:56 +0000] "POST /root/example/-/pipelines/2/retry.json HTTP/1.1" 204 0 "http://178.154.252.33/root/example/-/pipelines" "Mozilla/5.0 (Windows NT 10.0; Win64; x64) AppleWebKit/537.36 (KHTML, like Gecko) Chrome/91.0.4472.114 Safari/537.36" -
94.233.249.178 - - [30/Jun/2021:17:15:56 +0000] "GET /root/example/-/pipelines.json?scope=all&page=1 HTTP/1.1" 304 0 "http://178.154.252.33/root/example/-/pipelines" "Mozilla/5.0 (Windows NT 10.0; Win64; x64) AppleWebKit/537.36 (KHTML, like Gecko) Chrome/91.0.4472.114 Safari/537.36" -
94.233.249.178 - - [30/Jun/2021:17:15:57 +0000] "POST /root/example/-/pipelines/2/retry.json HTTP/1.1" 204 0 "http://178.154.252.33/root/example/-/pipelines" "Mozilla/5.0 (Windows NT 10.0; Win64; x64) AppleWebKit/537.36 (KHTML, like Gecko) Chrome/91.0.4472.114 Safari/537.36" -
94.233.249.178 - - [30/Jun/2021:17:15:57 +0000] "GET /root/example/-/pipelines.json?scope=all&page=1 HTTP/1.1" 304 0 "http://178.154.252.33/root/example/-/pipelines" "Mozilla/5.0 (Windows NT 10.0; Win64; x64) AppleWebKit/537.36 (KHTML, like Gecko) Chrome/91.0.4472.114 Safari/537.36" -
172.17.0.1 - - [30/Jun/2021:17:15:58 +0000] "POST /api/v4/jobs/request HTTP/1.1" 204 0 "" "gitlab-runner 14.0.1 (refs/pipelines/326100216; go1.13.8; linux/amd64)" -
94.233.249.178 - - [30/Jun/2021:17:15:59 +0000] "GET /root/example/-/pipelines/2/downloadable_artifacts.json HTTP/1.1" 304 0 "http://178.154.252.33/root/example/-/pipelines" "Mozilla/5.0 (Windows NT 10.0; Win64; x64) AppleWebKit/537.36 (KHTML, like Gecko) Chrome/91.0.4472.114 Safari/537.36" -
94.233.249.178 - - [30/Jun/2021:17:16:00 +0000] "POST /root/example/-/pipelines/2/retry.json HTTP/1.1" 204 0 "http://178.154.252.33/root/example/-/pipelines" "Mozilla/5.0 (Windows NT 10.0; Win64; x64) AppleWebKit/537.36 (KHTML, like Gecko) Chrome/91.0.4472.114 Safari/537.36" -
94.233.249.178 - - [30/Jun/2021:17:16:00 +0000] "GET /root/example/-/pipelines.json?scope=all&page=1 HTTP/1.1" 200 1455 "http://178.154.252.33/root/example/-/pipelines" "Mozilla/5.0 (Windows NT 10.0; Win64; x64) AppleWebKit/537.36 (KHTML, like Gecko) Chrome/91.0.4472.114 Safari/537.36" 5.25
172.17.0.1 - - [30/Jun/2021:17:16:02 +0000] "POST /api/v4/jobs/request HTTP/1.1" 201 8849 "" "gitlab-runner 14.0.1 (refs/pipelines/326100216; go1.13.8; linux/amd64)" -
94.233.249.178 - - [30/Jun/2021:17:16:04 +0000] "GET /root/example/-/pipelines.json?scope=all&page=1 HTTP/1.1" 200 1387 "http://178.154.252.33/root/example/-/pipelines" "Mozilla/5.0 (Windows NT 10.0; Win64; x64) AppleWebKit/537.36 (KHTML, like Gecko) Chrome/91.0.4472.114 Safari/537.36" 5.51
172.17.0.1 - - [30/Jun/2021:17:16:06 +0000] "PATCH /api/v4/jobs/19/trace HTTP/1.1" 202 2 "" "gitlab-runner 14.0.1 (refs/pipelines/326100216; go1.13.8; linux/amd64)" -
178.154.252.33 - - [30/Jun/2021:17:16:13 +0000] "GET /root/example.git/info/refs?service=git-upload-pack HTTP/1.1" 200 160 "" "gitlab-runner 14.0.1 linux/amd64" -
178.154.252.33 - - [30/Jun/2021:17:16:14 +0000] "POST /root/example.git/git-upload-pack HTTP/1.1" 200 72 "" "gitlab-runner 14.0.1 linux/amd64" -
178.154.252.33 - - [30/Jun/2021:17:16:15 +0000] "POST /root/example.git/git-upload-pack HTTP/1.1" 200 14443745 "" "gitlab-runner 14.0.1 linux/amd64" -
127.0.0.1 - - [30/Jun/2021:17:16:16 +0000] "GET /help HTTP/1.1" 200 83236 "" "curl/7.74.0-DEV" -
94.233.249.178 - - [30/Jun/2021:17:16:18 +0000] "GET /root/example/-/pipelines.json?scope=all&page=1 HTTP/1.1" 304 0 "http://178.154.252.33/root/example/-/pipelines" "Mozilla/5.0 (Windows NT 10.0; Win64; x64) AppleWebKit/537.36 (KHTML, like Gecko) Chrome/91.0.4472.114 Safari/537.36" -
172.17.0.1 - - [30/Jun/2021:17:16:22 +0000] "PATCH /api/v4/jobs/19/trace HTTP/1.1" 202 2 "" "gitlab-runner 14.0.1 (refs/pipelines/326100216; go1.13.8; linux/amd64)" -
172.17.0.1 - - [30/Jun/2021:17:16:22 +0000] "PUT /api/v4/jobs/19 HTTP/1.1" 200 3 "" "gitlab-runner 14.0.1 (refs/pipelines/326100216; go1.13.8; linux/amd64)" -
172.17.0.1 - - [30/Jun/2021:17:16:22 +0000] "POST /api/v4/jobs/request HTTP/1.1" 204 0 "" "gitlab-runner 14.0.1 (refs/pipelines/326100216; go1.13.8; linux/amd64)" -
172.17.0.1 - - [30/Jun/2021:17:16:25 +0000] "POST /api/v4/jobs/request HTTP/1.1" 201 8918 "" "gitlab-runner 14.0.1 (refs/pipelines/326100216; go1.13.8; linux/amd64)" -
172.17.0.1 - - [30/Jun/2021:17:16:28 +0000] "PATCH /api/v4/jobs/20/trace HTTP/1.1" 202 2 "" "gitlab-runner 14.0.1 (refs/pipelines/326100216; go1.13.8; linux/amd64)" -
178.154.252.33 - - [30/Jun/2021:17:16:29 +0000] "GET /root/example.git/info/refs?service=git-upload-pack HTTP/1.1" 200 160 "" "gitlab-runner 14.0.1 linux/amd64" -
178.154.252.33 - - [30/Jun/2021:17:16:29 +0000] "POST /root/example.git/git-upload-pack HTTP/1.1" 200 72 "" "gitlab-runner 14.0.1 linux/amd64" -
178.154.252.33 - - [30/Jun/2021:17:16:30 +0000] "POST /root/example.git/git-upload-pack HTTP/1.1" 200 212 "" "gitlab-runner 14.0.1 linux/amd64" -
172.17.0.1 - - [30/Jun/2021:17:16:31 +0000] "PATCH /api/v4/jobs/20/trace HTTP/1.1" 202 2 "" "gitlab-runner 14.0.1 (refs/pipelines/326100216; go1.13.8; linux/amd64)" -
172.17.0.1 - - [30/Jun/2021:17:16:31 +0000] "PUT /api/v4/jobs/20 HTTP/1.1" 200 3 "" "gitlab-runner 14.0.1 (refs/pipelines/326100216; go1.13.8; linux/amd64)" -
172.17.0.1 - - [30/Jun/2021:17:16:31 +0000] "POST /api/v4/jobs/request HTTP/1.1" 201 8939 "" "gitlab-runner 14.0.1 (refs/pipelines/326100216; go1.13.8; linux/amd64)" -
172.17.0.1 - - [30/Jun/2021:17:16:34 +0000] "PATCH /api/v4/jobs/21/trace HTTP/1.1" 202 2 "" "gitlab-runner 14.0.1 (refs/pipelines/326100216; go1.13.8; linux/amd64)" -
178.154.252.33 - - [30/Jun/2021:17:16:36 +0000] "GET /root/example.git/info/refs?service=git-upload-pack HTTP/1.1" 200 160 "" "gitlab-runner 14.0.1 linux/amd64" -
178.154.252.33 - - [30/Jun/2021:17:16:36 +0000] "POST /root/example.git/git-upload-pack HTTP/1.1" 200 72 "" "gitlab-runner 14.0.1 linux/amd64" -
178.154.252.33 - - [30/Jun/2021:17:16:36 +0000] "POST /root/example.git/git-upload-pack HTTP/1.1" 200 217 "" "gitlab-runner 14.0.1 linux/amd64" -
172.17.0.1 - - [30/Jun/2021:17:16:37 +0000] "PATCH /api/v4/jobs/21/trace HTTP/1.1" 202 2 "" "gitlab-runner 14.0.1 (refs/pipelines/326100216; go1.13.8; linux/amd64)" -
172.17.0.1 - - [30/Jun/2021:17:16:37 +0000] "PUT /api/v4/jobs/21 HTTP/1.1" 200 3 "" "gitlab-runner 14.0.1 (refs/pipelines/326100216; go1.13.8; linux/amd64)" -
172.17.0.1 - - [30/Jun/2021:17:16:37 +0000] "POST /api/v4/jobs/request HTTP/1.1" 204 0 "" "gitlab-runner 14.0.1 (refs/pipelines/326100216; go1.13.8; linux/amd64)" -
172.17.0.1 - - [30/Jun/2021:17:16:40 +0000] "POST /api/v4/jobs/request HTTP/1.1" 204 0 "" "gitlab-runner 14.0.1 (refs/pipelines/326100216; go1.13.8; linux/amd64)" -
172.17.0.1 - - [30/Jun/2021:17:16:43 +0000] "POST /api/v4/jobs/request HTTP/1.1" 201 9047 "" "gitlab-runner 14.0.1 (refs/pipelines/326100216; go1.13.8; linux/amd64)" -
172.17.0.1 - - [30/Jun/2021:17:16:46 +0000] "PATCH /api/v4/jobs/22/trace HTTP/1.1" 202 2 "" "gitlab-runner 14.0.1 (refs/pipelines/326100216; go1.13.8; linux/amd64)" -
178.154.252.33 - - [30/Jun/2021:17:16:48 +0000] "GET /root/example.git/info/refs?service=git-upload-pack HTTP/1.1" 200 160 "" "gitlab-runner 14.0.1 linux/amd64" -
178.154.252.33 - - [30/Jun/2021:17:16:48 +0000] "POST /root/example.git/git-upload-pack HTTP/1.1" 200 72 "" "gitlab-runner 14.0.1 linux/amd64" -
178.154.252.33 - - [30/Jun/2021:17:16:48 +0000] "POST /root/example.git/git-upload-pack HTTP/1.1" 200 212 "" "gitlab-runner 14.0.1 linux/amd64" -
172.17.0.1 - - [30/Jun/2021:17:16:50 +0000] "PATCH /api/v4/jobs/22/trace HTTP/1.1" 202 2 "" "gitlab-runner 14.0.1 (refs/pipelines/326100216; go1.13.8; linux/amd64)" -
172.17.0.1 - - [30/Jun/2021:17:16:50 +0000] "PUT /api/v4/jobs/22 HTTP/1.1" 200 3 "" "gitlab-runner 14.0.1 (refs/pipelines/326100216; go1.13.8; linux/amd64)" -
172.17.0.1 - - [30/Jun/2021:17:16:50 +0000] "POST /api/v4/jobs/request HTTP/1.1" 204 0 "" "gitlab-runner 14.0.1 (refs/pipelines/326100216; go1.13.8; linux/amd64)" -
172.17.0.1 - - [30/Jun/2021:17:16:53 +0000] "POST /api/v4/jobs/request HTTP/1.1" 204 0 "" "gitlab-runner 14.0.1 (refs/pipelines/326100216; go1.13.8; linux/amd64)" -
172.17.0.1 - - [30/Jun/2021:17:16:56 +0000] "POST /api/v4/jobs/request HTTP/1.1" 204 0 "" "gitlab-runner 14.0.1 (refs/pipelines/326100216; go1.13.8; linux/amd64)" -
172.17.0.1 - - [30/Jun/2021:17:16:59 +0000] "POST /api/v4/jobs/request HTTP/1.1" 204 0 "" "gitlab-runner 14.0.1 (refs/pipelines/326100216; go1.13.8; linux/amd64)" -
172.17.0.1 - - [30/Jun/2021:17:17:02 +0000] "POST /api/v4/jobs/request HTTP/1.1" 204 0 "" "gitlab-runner 14.0.1 (refs/pipelines/326100216; go1.13.8; linux/amd64)" -
